Archive member included to satisfy reference by file (symbol)

c:/program files (x86)/atmel/studio/7.0/toolchain/arm/arm-gnu-toolchain/bin/../lib/gcc/arm-none-eabi/6.3.1/../../../../arm-none-eabi/lib/thumb/v7e-m\libm.a(lib_a-w_sqrt.o)
                              src/main.o (sqrt)
c:/program files (x86)/atmel/studio/7.0/toolchain/arm/arm-gnu-toolchain/bin/../lib/gcc/arm-none-eabi/6.3.1/../../../../arm-none-eabi/lib/thumb/v7e-m\libm.a(lib_a-e_sqrt.o)
                              c:/program files (x86)/atmel/studio/7.0/toolchain/arm/arm-gnu-toolchain/bin/../lib/gcc/arm-none-eabi/6.3.1/../../../../arm-none-eabi/lib/thumb/v7e-m\libm.a(lib_a-w_sqrt.o) (__ieee754_sqrt)
c:/program files (x86)/atmel/studio/7.0/toolchain/arm/arm-gnu-toolchain/bin/../lib/gcc/arm-none-eabi/6.3.1/../../../../arm-none-eabi/lib/thumb/v7e-m\libm.a(lib_a-s_lib_ver.o)
                              c:/program files (x86)/atmel/studio/7.0/toolchain/arm/arm-gnu-toolchain/bin/../lib/gcc/arm-none-eabi/6.3.1/../../../../arm-none-eabi/lib/thumb/v7e-m\libm.a(lib_a-w_sqrt.o) (__fdlib_version)
c:/program files (x86)/atmel/studio/7.0/toolchain/arm/arm-gnu-toolchain/bin/../lib/gcc/arm-none-eabi/6.3.1/../../../../arm-none-eabi/lib/thumb/v7e-m\libm.a(lib_a-s_matherr.o)
                              c:/program files (x86)/atmel/studio/7.0/toolchain/arm/arm-gnu-toolchain/bin/../lib/gcc/arm-none-eabi/6.3.1/../../../../arm-none-eabi/lib/thumb/v7e-m\libm.a(lib_a-w_sqrt.o) (matherr)
c:/program files (x86)/atmel/studio/7.0/toolchain/arm/arm-gnu-toolchain/bin/../lib/gcc/arm-none-eabi/6.3.1/thumb/v7e-m\libgcc.a(_arm_addsubdf3.o)
                              c:/program files (x86)/atmel/studio/7.0/toolchain/arm/arm-gnu-toolchain/bin/../lib/gcc/arm-none-eabi/6.3.1/../../../../arm-none-eabi/lib/thumb/v7e-m\libm.a(lib_a-e_sqrt.o) (__aeabi_dsub)
c:/program files (x86)/atmel/studio/7.0/toolchain/arm/arm-gnu-toolchain/bin/../lib/gcc/arm-none-eabi/6.3.1/thumb/v7e-m\libgcc.a(_arm_muldivdf3.o)
                              c:/program files (x86)/atmel/studio/7.0/toolchain/arm/arm-gnu-toolchain/bin/../lib/gcc/arm-none-eabi/6.3.1/../../../../arm-none-eabi/lib/thumb/v7e-m\libm.a(lib_a-e_sqrt.o) (__aeabi_dmul)
c:/program files (x86)/atmel/studio/7.0/toolchain/arm/arm-gnu-toolchain/bin/../lib/gcc/arm-none-eabi/6.3.1/thumb/v7e-m\libgcc.a(_arm_cmpdf2.o)
                              c:/program files (x86)/atmel/studio/7.0/toolchain/arm/arm-gnu-toolchain/bin/../lib/gcc/arm-none-eabi/6.3.1/../../../../arm-none-eabi/lib/thumb/v7e-m\libm.a(lib_a-w_sqrt.o) (__aeabi_dcmplt)
c:/program files (x86)/atmel/studio/7.0/toolchain/arm/arm-gnu-toolchain/bin/../lib/gcc/arm-none-eabi/6.3.1/thumb/v7e-m\libgcc.a(_arm_unorddf2.o)
                              c:/program files (x86)/atmel/studio/7.0/toolchain/arm/arm-gnu-toolchain/bin/../lib/gcc/arm-none-eabi/6.3.1/../../../../arm-none-eabi/lib/thumb/v7e-m\libm.a(lib_a-w_sqrt.o) (__aeabi_dcmpun)
c:/program files (x86)/atmel/studio/7.0/toolchain/arm/arm-gnu-toolchain/bin/../lib/gcc/arm-none-eabi/6.3.1/thumb/v7e-m\libgcc.a(_aeabi_uldivmod.o)
                              src/main.o (__aeabi_uldivmod)
c:/program files (x86)/atmel/studio/7.0/toolchain/arm/arm-gnu-toolchain/bin/../lib/gcc/arm-none-eabi/6.3.1/thumb/v7e-m\libgcc.a(_udivmoddi4.o)
                              c:/program files (x86)/atmel/studio/7.0/toolchain/arm/arm-gnu-toolchain/bin/../lib/gcc/arm-none-eabi/6.3.1/thumb/v7e-m\libgcc.a(_aeabi_uldivmod.o) (__udivmoddi4)
c:/program files (x86)/atmel/studio/7.0/toolchain/arm/arm-gnu-toolchain/bin/../lib/gcc/arm-none-eabi/6.3.1/thumb/v7e-m\libgcc.a(_dvmd_tls.o)
                              c:/program files (x86)/atmel/studio/7.0/toolchain/arm/arm-gnu-toolchain/bin/../lib/gcc/arm-none-eabi/6.3.1/thumb/v7e-m\libgcc.a(_aeabi_uldivmod.o) (__aeabi_ldiv0)
c:/program files (x86)/atmel/studio/7.0/toolchain/arm/arm-gnu-toolchain/bin/../lib/gcc/arm-none-eabi/6.3.1/../../../../arm-none-eabi/lib/thumb/v7e-m\libc.a(lib_a-errno.o)
                              c:/program files (x86)/atmel/studio/7.0/toolchain/arm/arm-gnu-toolchain/bin/../lib/gcc/arm-none-eabi/6.3.1/../../../../arm-none-eabi/lib/thumb/v7e-m\libm.a(lib_a-w_sqrt.o) (__errno)
c:/program files (x86)/atmel/studio/7.0/toolchain/arm/arm-gnu-toolchain/bin/../lib/gcc/arm-none-eabi/6.3.1/../../../../arm-none-eabi/lib/thumb/v7e-m\libc.a(lib_a-exit.o)
                              c:/program files (x86)/atmel/studio/7.0/toolchain/arm/arm-gnu-toolchain/bin/../lib/gcc/arm-none-eabi/6.3.1/../../../../arm-none-eabi/lib/thumb/v7e-m/crt0.o (exit)
c:/program files (x86)/atmel/studio/7.0/toolchain/arm/arm-gnu-toolchain/bin/../lib/gcc/arm-none-eabi/6.3.1/../../../../arm-none-eabi/lib/thumb/v7e-m\libc.a(lib_a-impure.o)
                              c:/program files (x86)/atmel/studio/7.0/toolchain/arm/arm-gnu-toolchain/bin/../lib/gcc/arm-none-eabi/6.3.1/../../../../arm-none-eabi/lib/thumb/v7e-m\libc.a(lib_a-exit.o) (_global_impure_ptr)
[...]
Memory Configuration

Name             Origin             Length             Attributes
rom              0x00400000         0x00200000         xr
ram              0x20400000         0x00060000         xrw
*default*        0x00000000         0xffffffff

Linker script and memory map

LOAD c:/program files (x86)/atmel/studio/7.0/toolchain/arm/arm-gnu-toolchain/bin/../lib/gcc/arm-none-eabi/6.3.1/thumb/v7e-m/crti.o
LOAD c:/program files (x86)/atmel/studio/7.0/toolchain/arm/arm-gnu-toolchain/bin/../lib/gcc/arm-none-eabi/6.3.1/thumb/v7e-m/crtbegin.o
LOAD c:/program files (x86)/atmel/studio/7.0/toolchain/arm/arm-gnu-toolchain/bin/../lib/gcc/arm-none-eabi/6.3.1/../../../../arm-none-eabi/lib/thumb/v7e-m/crt0.o
LOAD src/ASF/common/components/touch/mxt/mxt_device_1.o
LOAD src/ASF/common/services/clock/same70/sysclk.o
LOAD src/ASF/common/services/delay/sam/cycle_counter.o
LOAD src/ASF/common/services/serial/usart_serial.o
LOAD src/ASF/common/services/sleepmgr/sam/sleepmgr.o
LOAD src/ASF/common/services/spi/sam_spi/spi_master.o
LOAD src/ASF/common/utils/interrupt/interrupt_sam_nvic.o
LOAD src/ASF/common/utils/stdio/read.o
LOAD src/ASF/common/utils/stdio/write.o
LOAD src/ASF/sam/boards/same70_xplained/init.o
LOAD src/ASF/sam/components/display/ili9488/ili9488.o
LOAD src/ASF/sam/drivers/mpu/mpu.o
LOAD src/ASF/sam/drivers/pio/pio.o
LOAD src/ASF/sam/drivers/pio/pio_handler.o
LOAD src/ASF/sam/drivers/pmc/pmc.o
LOAD src/ASF/sam/drivers/pmc/sleep.o
LOAD src/ASF/sam/drivers/rtc/rtc.o
LOAD src/ASF/sam/drivers/rtt/rtt.o
LOAD src/ASF/sam/drivers/spi/spi.o
LOAD src/ASF/sam/drivers/twihs/twihs.o
LOAD src/ASF/sam/drivers/uart/uart.o
LOAD src/ASF/sam/drivers/usart/usart.o
LOAD src/ASF/sam/utils/cmsis/same70/source/templates/gcc/startup_same70.o
LOAD src/ASF/sam/utils/cmsis/same70/source/templates/system_same70.o
LOAD src/ASF/sam/utils/syscalls/gcc/syscalls.o
LOAD src/main.o
START GROUP
LOAD ../src/ASF/thirdparty/CMSIS/Lib/GCC\libarm_cortexM7lfsp_math_softfp.a
LOAD c:/program files (x86)/atmel/studio/7.0/toolchain/arm/arm-gnu-toolchain/bin/../lib/gcc/arm-none-eabi/6.3.1/../../../../arm-none-eabi/lib/thumb/v7e-m\libm.a
END GROUP
START GROUP
LOAD c:/program files (x86)/atmel/studio/7.0/toolchain/arm/arm-gnu-toolchain/bin/../lib/gcc/arm-none-eabi/6.3.1/thumb/v7e-m\libgcc.a
LOAD c:/program files (x86)/atmel/studio/7.0/toolchain/arm/arm-gnu-toolchain/bin/../lib/gcc/arm-none-eabi/6.3.1/../../../../arm-none-eabi/lib/thumb/v7e-m\libc.a
END GROUP
LOAD c:/program files (x86)/atmel/studio/7.0/toolchain/arm/arm-gnu-toolchain/bin/../lib/gcc/arm-none-eabi/6.3.1/thumb/v7e-m/crtend.o
LOAD c:/program files (x86)/atmel/studio/7.0/toolchain/arm/arm-gnu-toolchain/bin/../lib/gcc/arm-none-eabi/6.3.1/thumb/v7e-m/crtn.o
                0x00002000                STACK_SIZE = DEFINED (STACK_SIZE)?STACK_SIZE:0x2000
                0x2045fffc                __ram_end__ = ((ORIGIN (ram) + LENGTH (ram)) - 0x4)
                0x00000200                HEAP_SIZE = DEFINED (HEAP_SIZE)?HEAP_SIZE:0x200

.text           0x00400000    0x4eeec
                0x00400000                . = ALIGN (0x4)
                0x00400000                _sfixed = .
 *(.vectors .vectors.*)
 .vectors       0x00400000      0x168 src/ASF/sam/utils/cmsis/same70/source/templates/gcc/startup_same70.o
                0x00400000                exception_table
 *(.text .text.* .gnu.linkonce.t.*)
 .text          0x00400168       0x6c c:/program files (x86)/atmel/studio/7.0/toolchain/arm/arm-gnu-toolchain/bin/../lib/gcc/arm-none-eabi/6.3.1/thumb/v7e-m/crtbegin.o
 .text.ioport_get_pin_level
                0x004001d4       0x50 src/ASF/common/components/touch/mxt/mxt_device_1.o
 .text.mxt_get_tot_report_ids
                0x00400224       0x4a src/ASF/common/components/touch/mxt/mxt_device_1.o
 *fill*         0x0040026e        0x2 
 .text.mxt_read_id_block
                0x00400270       0x68 src/ASF/common/components/touch/mxt/mxt_device_1.o
 .text.mxt_read_object_table
                0x004002d8       0x8c src/ASF/common/components/touch/mxt/mxt_device_1.o
 .text.mxt_read_info_block
                0x00400364       0x48 src/ASF/common/components/touch/mxt/mxt_device_1.o
 .text.mxt_create_report_id_map
                0x004003ac       0xe4 src/ASF/common/components/touch/mxt/mxt_device_1.o
 .text.mxt_crc_24
                0x00400490       0x50 src/ASF/common/components/touch/mxt/mxt_device_1.o
 .text.mxt_calculate_infoblock_crc
                0x004004e0       0xd4 src/ASF/common/components/touch/mxt/mxt_device_1.o
 .text.mxt_get_crc_value
                0x004005b4       0x90 src/ASF/common/components/touch/mxt/mxt_device_1.o
 .text.mxt_validate_info_block
                0x00400644       0x3c src/ASF/common/components/touch/mxt/mxt_device_1.o
 .text.mxt_get_object_size
                0x00400680       0x66 src/ASF/common/components/touch/mxt/mxt_device_1.o
 *fill*         0x004006e6        0x2 
 .text.mxt_get_report_id_offset
                0x004006e8       0x54 src/ASF/common/components/touch/mxt/mxt_device_1.o
 .text.mxt_info_le_to_cpu
                0x0040073c       0x56 src/ASF/common/components/touch/mxt/mxt_device_1.o
 *fill*         0x00400792        0x2 
 .text.mxt_init_device
                0x00400794       0xb8 src/ASF/common/components/touch/mxt/mxt_device_1.o
                0x00400794                mxt_init_device
 .text.mxt_get_object_address
                0x0040084c       0x66 src/ASF/common/components/touch/mxt/mxt_device_1.o
                0x0040084c                mxt_get_object_address
 *fill*         0x004008b2        0x2 
 .text.mxt_write_config_object
                0x004008b4       0x7c src/ASF/common/components/touch/mxt/mxt_device_1.o
                0x004008b4                mxt_write_config_object
 .text.mxt_write_config_reg
                0x00400930       0x6c src/ASF/common/components/touch/mxt/mxt_device_1.o
                0x00400930                mxt_write_config_reg
 .text.mxt_is_message_pending
                0x0040099c       0x30 src/ASF/common/components/touch/mxt/mxt_device_1.o
                0x0040099c                mxt_is_message_pending
 .text.mxt_read_message
                0x004009cc       0x78 src/ASF/common/components/touch/mxt/mxt_device_1.o
                0x004009cc                mxt_read_message
 .text.mxt_read_touch_event
                0x00400a44       0xb8 src/ASF/common/components/touch/mxt/mxt_device_1.o
                0x00400a44                mxt_read_touch_event
 .text.mxt_get_object_type
                0x00400afc       0x24 src/ASF/common/components/touch/mxt/mxt_device_1.o
                0x00400afc                mxt_get_object_type
 .text.osc_enable
                0x00400b20       0x88 src/ASF/common/services/clock/same70/sysclk.o
 .text.osc_is_ready
                0x00400ba8       0x70 src/ASF/common/services/clock/same70/sysclk.o
 .text.osc_get_rate
                0x00400c18       0x74 src/ASF/common/services/clock/same70/sysclk.o
 .text.osc_wait_ready
                0x00400c8c       0x2c src/ASF/common/services/clock/same70/sysclk.o
 .text.pll_config_init
                0x00400cb8       0x6c src/ASF/common/services/clock/same70/sysclk.o
 .text.pll_enable
                0x00400d24       0x40 src/ASF/common/services/clock/same70/sysclk.o
 .text.pll_is_locked
                0x00400d64       0x2c src/ASF/common/services/clock/same70/sysclk.o
 .text.pll_enable_source
                0x00400d90       0x38 src/ASF/common/services/clock/same70/sysclk.o
 .text.pll_wait_for_lock
                0x00400dc8       0x24 src/ASF/common/services/clock/same70/sysclk.o
 .text.sysclk_get_main_hz
                0x00400dec       0x20 src/ASF/common/services/clock/same70/sysclk.o
 .text.sysclk_get_cpu_hz
                0x00400e0c       0x14 src/ASF/common/services/clock/same70/sysclk.o
 .text.sysclk_init
                0x00400e20       0x7c src/ASF/common/services/clock/same70/sysclk.o
                0x00400e20                sysclk_init
 .text.usart_serial_putchar
                0x00400e9c      0x10c src/ASF/common/services/serial/usart_serial.o
 .text.usart_serial_write_packet
                0x00400fa8       0x3c src/ASF/common/services/serial/usart_serial.o
                0x00400fa8                usart_serial_write_packet
 .text.osc_get_rate
                0x00400fe4       0x74 src/ASF/common/services/spi/sam_spi/spi_master.o
 .text.sysclk_get_main_hz
                0x00401058       0x20 src/ASF/common/services/spi/sam_spi/spi_master.o
 .text.sysclk_get_peripheral_hz
                0x00401078       0x14 src/ASF/common/services/spi/sam_spi/spi_master.o
 .text.spi_reset
                0x0040108c       0x1a src/ASF/common/services/spi/sam_spi/spi_master.o
 .text.spi_set_master_mode
                0x004010a6       0x20 src/ASF/common/services/spi/sam_spi/spi_master.o
 .text.spi_set_fixed_peripheral_select
                0x004010c6       0x20 src/ASF/common/services/spi/sam_spi/spi_master.o
 .text.spi_disable_peripheral_select_decode
                0x004010e6       0x20 src/ASF/common/services/spi/sam_spi/spi_master.o
 .text.spi_get_peripheral_select_decode_setting
                0x00401106       0x26 src/ASF/common/services/spi/sam_spi/spi_master.o
 .text.spi_disable_mode_fault_detect
                0x0040112c       0x20 src/ASF/common/services/spi/sam_spi/spi_master.o
 .text.spi_disable_loopback
                0x0040114c       0x20 src/ASF/common/services/spi/sam_spi/spi_master.o
 .text.spi_put  0x0040116c       0x1e src/ASF/common/services/spi/sam_spi/spi_master.o
 .text.spi_get  0x0040118a       0x1a src/ASF/common/services/spi/sam_spi/spi_master.o
 .text.spi_is_tx_ready
                0x004011a4       0x26 src/ASF/common/services/spi/sam_spi/spi_master.o
 .text.spi_is_rx_ready
                0x004011ca       0x2c src/ASF/common/services/spi/sam_spi/spi_master.o
 *fill*         0x004011f6        0x2 
 .text.spi_write_single
                0x004011f8       0x24 src/ASF/common/services/spi/sam_spi/spi_master.o
 .text.spi_read_single
                0x0040121c       0x24 src/ASF/common/services/spi/sam_spi/spi_master.o
 .text.spi_master_init
                0x00401240       0x70 src/ASF/common/services/spi/sam_spi/spi_master.o
                0x00401240                spi_master_init
 .text.spi_master_setup_device
                0x004012b0       0xb4 src/ASF/common/services/spi/sam_spi/spi_master.o
                0x004012b0                spi_master_setup_device
 .text.spi_select_device
                0x00401364       0x58 src/ASF/common/services/spi/sam_spi/spi_master.o
                0x00401364                spi_select_device
 .text.spi_write_packet
                0x004013bc       0x74 src/ASF/common/services/spi/sam_spi/spi_master.o
                0x004013bc                spi_write_packet
 .text.spi_read_packet
                0x00401430       0xac src/ASF/common/services/spi/sam_spi/spi_master.o
                0x00401430                spi_read_packet
 .text._read    0x004014dc       0x54 src/ASF/common/utils/stdio/read.o
                0x004014dc                _read
 .text._write   0x00401530       0x6c src/ASF/common/utils/stdio/write.o
                0x00401530                _write
 .text.SCB_EnableICache
                0x0040159c       0x38 src/ASF/sam/boards/same70_xplained/init.o
 .text.SCB_EnableDCache
                0x004015d4       0xa4 src/ASF/sam/boards/same70_xplained/init.o
 .text.sysclk_enable_peripheral_clock
                0x00401678       0x1c src/ASF/sam/boards/same70_xplained/init.o
 .text.ioport_init
                0x00401694       0x2c src/ASF/sam/boards/same70_xplained/init.o
 .text.ioport_disable_pin
                0x004016c0       0x4c src/ASF/sam/boards/same70_xplained/init.o
 .text.ioport_set_pin_mode
                0x0040170c      0x11c src/ASF/sam/boards/same70_xplained/init.o
 .text.ioport_set_pin_dir
                0x00401828       0x88 src/ASF/sam/boards/same70_xplained/init.o
 .text.ioport_set_pin_level
                0x004018b0       0x6c src/ASF/sam/boards/same70_xplained/init.o
 .text.ioport_set_pin_sense_mode
                0x0040191c       0xd0 src/ASF/sam/boards/same70_xplained/init.o
 .text.tcm_disable
                0x004019ec       0x44 src/ASF/sam/boards/same70_xplained/init.o
 .text.board_init
                0x00401a30      0x1d8 src/ASF/sam/boards/same70_xplained/init.o
                0x00401a30                board_init
 .text.spi_enable
                0x00401c08       0x1a src/ASF/sam/components/display/ili9488/ili9488.o
 .text.spi_enable_interrupt
                0x00401c22       0x1c src/ASF/sam/components/display/ili9488/ili9488.o
 *fill*         0x00401c3e        0x2 
 .text.ili9488_write_ram_prepare
                0x00401c40       0x40 src/ASF/sam/components/display/ili9488/ili9488.o
 .text.ili9488_write_ram_buffer
                0x00401c80       0x40 src/ASF/sam/components/display/ili9488/ili9488.o
 .text.ili9488_write_register
                0x00401cc0       0x78 src/ASF/sam/components/display/ili9488/ili9488.o
 .text.ili9488_read_chipid
                0x00401d38       0xcc src/ASF/sam/components/display/ili9488/ili9488.o
 .text.ili9488_delay
                0x00401e04       0x40 src/ASF/sam/components/display/ili9488/ili9488.o
                0x00401e04                ili9488_delay
 .text.ili9488_check_box_coordinates
                0x00401e44       0xa2 src/ASF/sam/components/display/ili9488/ili9488.o
 *fill*         0x00401ee6        0x2 
 .text.ili9488_set_display_direction
                0x00401ee8       0x34 src/ASF/sam/components/display/ili9488/ili9488.o
                0x00401ee8                ili9488_set_display_direction
 .text.ili9488_set_window
                0x00401f1c       0xc8 src/ASF/sam/components/display/ili9488/ili9488.o
                0x00401f1c                ili9488_set_window
 .text.ili9488_init
                0x00401fe4      0x15c src/ASF/sam/components/display/ili9488/ili9488.o
                0x00401fe4                ili9488_init
 .text.ili9488_display_on
                0x00402140       0x18 src/ASF/sam/components/display/ili9488/ili9488.o
                0x00402140                ili9488_display_on
 .text.ili9488_set_foreground_color
                0x00402158       0x54 src/ASF/sam/components/display/ili9488/ili9488.o
                0x00402158                ili9488_set_foreground_color
 .text.ili9488_set_cursor_position
                0x004021ac       0x84 src/ASF/sam/components/display/ili9488/ili9488.o
                0x004021ac                ili9488_set_cursor_position
 .text.ili9488_draw_pixel
                0x00402230       0x54 src/ASF/sam/components/display/ili9488/ili9488.o
                0x00402230                ili9488_draw_pixel
 .text.ili9488_draw_filled_rectangle
                0x00402284       0xdc src/ASF/sam/components/display/ili9488/ili9488.o
                0x00402284                ili9488_draw_filled_rectangle
 .text.ili9488_draw_circle
                0x00402360      0x100 src/ASF/sam/components/display/ili9488/ili9488.o
                0x00402360                ili9488_draw_circle
 .text.ili9488_draw_pixmap
                0x00402460       0xb4 src/ASF/sam/components/display/ili9488/ili9488.o
                0x00402460                ili9488_draw_pixmap
 .text.pio_pull_up
                0x00402514       0x2c src/ASF/sam/drivers/pio/pio.o
                0x00402514                pio_pull_up
 .text.pio_set_debounce_filter
                0x00402540       0x38 src/ASF/sam/drivers/pio/pio.o
                0x00402540                pio_set_debounce_filter
 .text.pio_set  0x00402578       0x1c src/ASF/sam/drivers/pio/pio.o
                0x00402578                pio_set
 .text.pio_clear
                0x00402594       0x1c src/ASF/sam/drivers/pio/pio.o
                0x00402594                pio_clear
 .text.pio_set_peripheral
                0x004025b0      0x110 src/ASF/sam/drivers/pio/pio.o
                0x004025b0                pio_set_peripheral
 .text.pio_set_input
                0x004026c0       0x80 src/ASF/sam/drivers/pio/pio.o
                0x004026c0                pio_set_input
 .text.pio_set_output
                0x00402740       0x64 src/ASF/sam/drivers/pio/pio.o
                0x00402740                pio_set_output
 .text.pio_configure
                0x004027a4       0xcc src/ASF/sam/drivers/pio/pio.o
                0x004027a4                pio_configure
 .text.pio_get_output_data_status
                0x00402870       0x28 src/ASF/sam/drivers/pio/pio.o
                0x00402870                pio_get_output_data_status
 .text.pio_configure_interrupt
                0x00402898       0x6c src/ASF/sam/drivers/pio/pio.o
                0x00402898                pio_configure_interrupt
 .text.pio_enable_interrupt
                0x00402904       0x1c src/ASF/sam/drivers/pio/pio.o
                0x00402904                pio_enable_interrupt
 .text.pio_disable_interrupt
                0x00402920       0x1c src/ASF/sam/drivers/pio/pio.o
                0x00402920                pio_disable_interrupt
 .text.pio_get_interrupt_status
                0x0040293c       0x18 src/ASF/sam/drivers/pio/pio.o
                0x0040293c                pio_get_interrupt_status
 .text.pio_get_interrupt_mask
                0x00402954       0x18 src/ASF/sam/drivers/pio/pio.o
                0x00402954                pio_get_interrupt_mask
 .text.pio_set_pin_high
                0x0040296c       0x30 src/ASF/sam/drivers/pio/pio.o
                0x0040296c                pio_set_pin_high
 .text.pio_set_pin_low
                0x0040299c       0x30 src/ASF/sam/drivers/pio/pio.o
                0x0040299c                pio_set_pin_low
 .text.pio_configure_pin
                0x004029cc      0x1b0 src/ASF/sam/drivers/pio/pio.o
                0x004029cc                pio_configure_pin
 .text.pio_get_pin_group
                0x00402b7c       0x28 src/ASF/sam/drivers/pio/pio.o
                0x00402b7c                pio_get_pin_group
 .text.pio_handler_process
                0x00402ba4       0xb4 src/ASF/sam/drivers/pio/pio_handler.o
                0x00402ba4                pio_handler_process
 .text.pio_handler_set
                0x00402c58       0xa0 src/ASF/sam/drivers/pio/pio_handler.o
                0x00402c58                pio_handler_set
 .text.PIOA_Handler
                0x00402cf8       0x18 src/ASF/sam/drivers/pio/pio_handler.o
                0x00402cf8                PIOA_Handler
 .text.PIOB_Handler
                0x00402d10       0x18 src/ASF/sam/drivers/pio/pio_handler.o
                0x00402d10                PIOB_Handler
 .text.PIOC_Handler
                0x00402d28       0x18 src/ASF/sam/drivers/pio/pio_handler.o
                0x00402d28                PIOC_Handler
 .text.PIOD_Handler
                0x00402d40       0x18 src/ASF/sam/drivers/pio/pio_handler.o
                0x00402d40                PIOD_Handler
 .text.PIOE_Handler
                0x00402d58       0x18 src/ASF/sam/drivers/pio/pio_handler.o
                0x00402d58                PIOE_Handler
 .text.pmc_mck_set_division
                0x00402d70       0x7c src/ASF/sam/drivers/pmc/pmc.o
                0x00402d70                pmc_mck_set_division
 .text.pmc_switch_mck_to_pllack
                0x00402dec       0x84 src/ASF/sam/drivers/pmc/pmc.o
                0x00402dec                pmc_switch_mck_to_pllack
 .text.pmc_switch_sclk_to_32kxtal
                0x00402e70       0x38 src/ASF/sam/drivers/pmc/pmc.o
                0x00402e70                pmc_switch_sclk_to_32kxtal
 .text.pmc_osc_is_ready_32kxtal
                0x00402ea8       0x34 src/ASF/sam/drivers/pmc/pmc.o
                0x00402ea8                pmc_osc_is_ready_32kxtal
 .text.pmc_switch_mainck_to_fastrc
                0x00402edc       0x70 src/ASF/sam/drivers/pmc/pmc.o
                0x00402edc                pmc_switch_mainck_to_fastrc
 .text.pmc_switch_mainck_to_xtal
                0x00402f4c       0x78 src/ASF/sam/drivers/pmc/pmc.o
                0x00402f4c                pmc_switch_mainck_to_xtal
 .text.pmc_osc_is_ready_mainck
                0x00402fc4       0x1c src/ASF/sam/drivers/pmc/pmc.o
                0x00402fc4                pmc_osc_is_ready_mainck
 .text.pmc_disable_pllack
                0x00402fe0       0x1c src/ASF/sam/drivers/pmc/pmc.o
                0x00402fe0                pmc_disable_pllack
 .text.pmc_is_locked_pllack
                0x00402ffc       0x1c src/ASF/sam/drivers/pmc/pmc.o
                0x00402ffc                pmc_is_locked_pllack
 .text.pmc_is_locked_upll
                0x00403018       0x1c src/ASF/sam/drivers/pmc/pmc.o
                0x00403018                pmc_is_locked_upll
 .text.pmc_enable_periph_clk
                0x00403034       0x3c src/ASF/sam/drivers/pmc/pmc.o
                0x00403034                pmc_enable_periph_clk
 .text.rtc_set_hour_mode
                0x00403070       0x36 src/ASF/sam/drivers/rtc/rtc.o
                0x00403070                rtc_set_hour_mode
 .text.rtc_enable_interrupt
                0x004030a6       0x1c src/ASF/sam/drivers/rtc/rtc.o
                0x004030a6                rtc_enable_interrupt
 .text.rtc_disable_interrupt
                0x004030c2       0x1c src/ASF/sam/drivers/rtc/rtc.o
                0x004030c2                rtc_disable_interrupt
 .text.rtc_get_time
                0x004030de       0xc4 src/ASF/sam/drivers/rtc/rtc.o
                0x004030de                rtc_get_time
 *fill*         0x004031a2        0x2 
 .text.rtc_set_time
                0x004031a4      0x108 src/ASF/sam/drivers/rtc/rtc.o
                0x004031a4                rtc_set_time
 .text.rtc_set_time_alarm
                0x004032ac      0x100 src/ASF/sam/drivers/rtc/rtc.o
                0x004032ac                rtc_set_time_alarm
 .text.rtc_set_date
                0x004033ac      0x140 src/ASF/sam/drivers/rtc/rtc.o
                0x004033ac                rtc_set_date
 .text.rtc_set_date_alarm
                0x004034ec       0xb0 src/ASF/sam/drivers/rtc/rtc.o
                0x004034ec                rtc_set_date_alarm
 .text.rtc_clear_time_alarm
                0x0040359c       0x1a src/ASF/sam/drivers/rtc/rtc.o
                0x0040359c                rtc_clear_time_alarm
 *fill*         0x004035b6        0x2 
 .text.rtc_clear_date_alarm
                0x004035b8       0x20 src/ASF/sam/drivers/rtc/rtc.o
                0x004035b8                rtc_clear_date_alarm
 .text.rtc_get_status
                0x004035d8       0x18 src/ASF/sam/drivers/rtc/rtc.o
                0x004035d8                rtc_get_status
 .text.rtc_clear_status
                0x004035f0       0x1c src/ASF/sam/drivers/rtc/rtc.o
                0x004035f0                rtc_clear_status
 .text.spi_get_peripheral_select_mode
                0x0040360c       0x26 src/ASF/sam/drivers/spi/spi.o
 *fill*         0x00403632        0x2 
 .text.sysclk_enable_peripheral_clock
                0x00403634       0x1c src/ASF/sam/drivers/spi/spi.o
 .text.spi_enable_clock
                0x00403650       0x3c src/ASF/sam/drivers/spi/spi.o
                0x00403650                spi_enable_clock
 .text.spi_set_peripheral_chip_select_value
                0x0040368c       0x34 src/ASF/sam/drivers/spi/spi.o
                0x0040368c                spi_set_peripheral_chip_select_value
 .text.spi_set_delay_between_chip_select
                0x004036c0       0x30 src/ASF/sam/drivers/spi/spi.o
                0x004036c0                spi_set_delay_between_chip_select
 .text.spi_write
                0x004036f0       0x80 src/ASF/sam/drivers/spi/spi.o
                0x004036f0                spi_write
 .text.spi_set_clock_polarity
                0x00403770       0x50 src/ASF/sam/drivers/spi/spi.o
                0x00403770                spi_set_clock_polarity
 .text.spi_set_clock_phase
                0x004037c0       0x50 src/ASF/sam/drivers/spi/spi.o
                0x004037c0                spi_set_clock_phase
 .text.spi_configure_cs_behavior
                0x00403810       0xa6 src/ASF/sam/drivers/spi/spi.o
                0x00403810                spi_configure_cs_behavior
 .text.spi_set_bits_per_transfer
                0x004038b6       0x4a src/ASF/sam/drivers/spi/spi.o
                0x004038b6                spi_set_bits_per_transfer
 .text.spi_calc_baudrate_div
                0x00403900       0x3c src/ASF/sam/drivers/spi/spi.o
                0x00403900                spi_calc_baudrate_div
 .text.spi_set_baudrate_div
                0x0040393c       0x5e src/ASF/sam/drivers/spi/spi.o
                0x0040393c                spi_set_baudrate_div
 .text.spi_set_transfer_delay
                0x0040399a       0x5e src/ASF/sam/drivers/spi/spi.o
                0x0040399a                spi_set_transfer_delay
 .text.twihs_enable_master_mode
                0x004039f8       0x26 src/ASF/sam/drivers/twihs/twihs.o
                0x004039f8                twihs_enable_master_mode
 *fill*         0x00403a1e        0x2 
 .text.twihs_master_init
                0x00403a20       0x58 src/ASF/sam/drivers/twihs/twihs.o
                0x00403a20                twihs_master_init
 .text.twihs_set_speed
                0x00403a78       0xf4 src/ASF/sam/drivers/twihs/twihs.o
                0x00403a78                twihs_set_speed
 .text.twihs_mk_addr
                0x00403b6c       0x5c src/ASF/sam/drivers/twihs/twihs.o
 .text.twihs_master_read
                0x00403bc8       0xe8 src/ASF/sam/drivers/twihs/twihs.o
                0x00403bc8                twihs_master_read
 .text.twihs_master_write
                0x00403cb0       0xdc src/ASF/sam/drivers/twihs/twihs.o
                0x00403cb0                twihs_master_write
 .text.twihs_reset
                0x00403d8c       0x1e src/ASF/sam/drivers/twihs/twihs.o
                0x00403d8c                twihs_reset
 .text.uart_init
                0x00403daa       0x58 src/ASF/sam/drivers/uart/uart.o
                0x00403daa                uart_init
 .text.uart_write
                0x00403e02       0x30 src/ASF/sam/drivers/uart/uart.o
                0x00403e02                uart_write
 .text.uart_read
                0x00403e32       0x32 src/ASF/sam/drivers/uart/uart.o
                0x00403e32                uart_read
 .text.usart_set_async_baudrate
                0x00403e64       0x8a src/ASF/sam/drivers/usart/usart.o
                0x00403e64                usart_set_async_baudrate
 *fill*         0x00403eee        0x2 
 .text.usart_reset
                0x00403ef0       0x54 src/ASF/sam/drivers/usart/usart.o
                0x00403ef0                usart_reset
 .text.usart_init_rs232
                0x00403f44       0x84 src/ASF/sam/drivers/usart/usart.o
                0x00403f44                usart_init_rs232
 .text.usart_enable_tx
                0x00403fc8       0x1a src/ASF/sam/drivers/usart/usart.o
                0x00403fc8                usart_enable_tx
 .text.usart_reset_tx
                0x00403fe2       0x1a src/ASF/sam/drivers/usart/usart.o
                0x00403fe2                usart_reset_tx
 .text.usart_enable_rx
                0x00403ffc       0x1a src/ASF/sam/drivers/usart/usart.o
                0x00403ffc                usart_enable_rx
 .text.usart_reset_rx
                0x00404016       0x1a src/ASF/sam/drivers/usart/usart.o
                0x00404016                usart_reset_rx
 .text.usart_reset_status
                0x00404030       0x1c src/ASF/sam/drivers/usart/usart.o
                0x00404030                usart_reset_status
 .text.usart_drive_RTS_pin_high
                0x0040404c       0x1c src/ASF/sam/drivers/usart/usart.o
                0x0040404c                usart_drive_RTS_pin_high
 .text.usart_write
                0x00404068       0x32 src/ASF/sam/drivers/usart/usart.o
                0x00404068                usart_write
 .text.usart_read
                0x0040409a       0x34 src/ASF/sam/drivers/usart/usart.o
                0x0040409a                usart_read
 *fill*         0x004040ce        0x2 
 .text.usart_disable_writeprotect
                0x004040d0       0x20 src/ASF/sam/drivers/usart/usart.o
                0x004040d0                usart_disable_writeprotect
 .text.cpu_irq_save
                0x004040f0       0x38 src/ASF/sam/utils/cmsis/same70/source/templates/gcc/startup_same70.o
 .text.cpu_irq_is_enabled_flags
                0x00404128       0x20 src/ASF/sam/utils/cmsis/same70/source/templates/gcc/startup_same70.o
 .text.cpu_irq_restore
                0x00404148       0x30 src/ASF/sam/utils/cmsis/same70/source/templates/gcc/startup_same70.o
 .text.Reset_Handler
                0x00404178       0xb0 src/ASF/sam/utils/cmsis/same70/source/templates/gcc/startup_same70.o
                0x00404178                Reset_Handler
 .text.Dummy_Handler
                0x00404228        0x6 src/ASF/sam/utils/cmsis/same70/source/templates/gcc/startup_same70.o
                0x00404228                DACC_Handler
                0x00404228                DebugMon_Handler
                0x00404228                UART3_Handler
                0x00404228                UART2_Handler
                0x00404228                TRNG_Handler
                0x00404228                HardFault_Handler
                0x00404228                TC2_Handler
                0x00404228                SysTick_Handler
                0x00404228                AFEC1_Handler
                0x00404228                PendSV_Handler
                0x00404228                NMI_Handler
                0x00404228                TC7_Handler
                0x00404228                QSPI_Handler
                0x00404228                ISI_Handler
                0x00404228                MCAN0_INT0_Handler
                0x00404228                TC9_Handler
                0x00404228                RSWDT_Handler
                0x00404228                USART0_Handler
                0x00404228                RTT_Handler
                0x00404228                USBHS_Handler
                0x00404228                IXC_Handler
                0x00404228                CCF_Handler
                0x00404228                UsageFault_Handler
                0x00404228                TC6_Handler
                0x00404228                WDT_Handler
                0x00404228                MCAN1_INT1_Handler
                0x00404228                TC4_Handler
                0x00404228                TC1_Handler
                0x00404228                HSMCI_Handler
                0x00404228                UART1_Handler
                0x00404228                TC3_Handler
                0x00404228                Dummy_Handler
                0x00404228                TWIHS1_Handler
                0x00404228                XDMAC_Handler
                0x00404228                UART4_Handler
                0x00404228                PWM1_Handler
                0x00404228                USART1_Handler
                0x00404228                PWM0_Handler
                0x00404228                AFEC0_Handler
                0x00404228                CCW_Handler
                0x00404228                TC11_Handler
                0x00404228                SSC_Handler
                0x00404228                ACC_Handler
                0x00404228                PMC_Handler
                0x00404228                GMAC_Handler
                0x00404228                MCAN0_INT1_Handler
                0x00404228                MemManage_Handler
                0x00404228                SUPC_Handler
                0x00404228                SVC_Handler
                0x00404228                TC8_Handler
                0x00404228                MCAN1_INT0_Handler
                0x00404228                EFC_Handler
                0x00404228                GMAC_Q1_Handler
                0x00404228                USART2_Handler
                0x00404228                SDRAMC_Handler
                0x00404228                GMAC_Q2_Handler
                0x00404228                SPI1_Handler
                0x00404228                TC10_Handler
                0x00404228                TWIHS2_Handler
                0x00404228                UART0_Handler
                0x00404228                FPU_Handler
                0x00404228                BusFault_Handler
                0x00404228                RSTC_Handler
                0x00404228                TC0_Handler
                0x00404228                TC5_Handler
                0x00404228                AES_Handler
                0x00404228                ICM_Handler
                0x00404228                TWIHS0_Handler
                0x00404228                SPI0_Handler
 *fill*         0x0040422e        0x2 
 .text.SystemCoreClockUpdate
                0x00404230      0x168 src/ASF/sam/utils/cmsis/same70/source/templates/system_same70.o
                0x00404230                SystemCoreClockUpdate
 .text.system_init_flash
                0x00404398       0xb0 src/ASF/sam/utils/cmsis/same70/source/templates/system_same70.o
                0x00404398                system_init_flash
 .text._sbrk    0x00404448       0x58 src/ASF/sam/utils/syscalls/gcc/syscalls.o
                0x00404448                _sbrk
 .text._close   0x004044a0       0x18 src/ASF/sam/utils/syscalls/gcc/syscalls.o
                0x004044a0                _close
 .text._fstat   0x004044b8       0x20 src/ASF/sam/utils/syscalls/gcc/syscalls.o
                0x004044b8                _fstat
 .text._lseek   0x004044d8       0x1a src/ASF/sam/utils/syscalls/gcc/syscalls.o
                0x004044d8                _lseek
 *fill*         0x004044f2        0x2 
 .text.NVIC_EnableIRQ
                0x004044f4       0x34 src/main.o
 .text.NVIC_DisableIRQ
                0x00404528       0x34 src/main.o
 .text.NVIC_ClearPendingIRQ
                0x0040455c       0x34 src/main.o
 .text.NVIC_SetPriority
                0x00404590       0x54 src/main.o
 .text.osc_get_rate
                0x004045e4       0x74 src/main.o
 .text.sysclk_get_main_hz
                0x00404658       0x20 src/main.o
 .text.sysclk_get_cpu_hz
                0x00404678       0x14 src/main.o
 .text.sysclk_get_peripheral_hz
                0x0040468c       0x14 src/main.o
 .text.sysclk_enable_peripheral_clock
                0x004046a0       0x1c src/main.o
 .text.usart_serial_init
                0x004046bc      0x180 src/main.o
 .text.usart_serial_putchar
                0x0040483c      0x10c src/main.o
 .text.usart_serial_getchar
                0x00404948      0x108 src/main.o
 .text.stdio_serial_init
                0x00404a50       0x68 src/main.o
 .text.twihs_master_setup
                0x00404ab8       0x74 src/main.o
 .text.mxt_handler
                0x00404b2c      0x140 src/main.o
                0x00404b2c                mxt_handler
 .text.RTC_Handler
                0x00404c6c       0xa4 src/main.o
                0x00404c6c                RTC_Handler
 .text.BUT_handler
                0x00404d10       0x44 src/main.o
                0x00404d10                BUT_handler
 .text.stack_reset
                0x00404d54       0x3a src/main.o
                0x00404d54                stack_reset
 .text.stack_push
                0x00404d8e       0x36 src/main.o
                0x00404d8e                stack_push
 .text.stack_pop
                0x00404dc4       0x36 src/main.o
                0x00404dc4                stack_pop
 *fill*         0x00404dfa        0x2 
 .text.configure_lcd
                0x00404dfc       0x38 src/main.o
 .text.mxt_init
                0x00404e34      0x210 src/main.o
 .text.draw_screen
                0x00405044       0x2c src/main.o
                0x00405044                draw_screen
 .text.draw_next_button
                0x00405070       0x44 src/main.o
                0x00405070                draw_next_button
 .text.draw_prev_button
                0x004050b4       0x98 src/main.o
                0x004050b4                draw_prev_button
 .text.draw_ok_button
                0x0040514c       0xd4 src/main.o
                0x0040514c                draw_ok_button
 .text.draw_senha
                0x00405220      0x248 src/main.o
                0x00405220                draw_senha
 .text.font_draw_text
                0x00405468       0x88 src/main.o
                0x00405468                font_draw_text
 .text.pin_toggle
                0x004054f0       0x40 src/main.o
                0x004054f0                pin_toggle
 .text.convert_axis_system_x
                0x00405530       0x24 src/main.o
                0x00405530                convert_axis_system_x
 .text.convert_axis_system_y
                0x00405554       0x20 src/main.o
                0x00405554                convert_axis_system_y
 .text.check_senha
                0x00405574       0x48 src/main.o
                0x00405574                check_senha
 .text.update_screen
                0x004055bc      0x5a8 src/main.o
                0x004055bc                update_screen
 .text.RTC_init
                0x00405b64       0xb8 src/main.o
                0x00405b64                RTC_init
 .text.LED_init
                0x00405c1c       0x34 src/main.o
                0x00405c1c                LED_init
 .text.BUT_init
                0x00405c50       0x80 src/main.o
                0x00405c50                BUT_init
 .text.initMenuOrder
                0x00405cd0       0x70 src/main.o
                0x00405cd0                initMenuOrder
 .text.draw_lavagem
                0x00405d40      0x258 src/main.o
                0x00405d40                draw_lavagem
 .text.set_alarm
                0x00405f98       0xa0 src/main.o
                0x00405f98                set_alarm
 .text.draw_concluido
                0x00406038       0xa8 src/main.o
                0x00406038                draw_concluido
 .text.draw_menu
                0x004060e0      0x284 src/main.o
                0x004060e0                draw_menu
 .text.draw_alerta
                0x00406364       0x90 src/main.o
                0x00406364                draw_alerta
 .text.reset_alarm
                0x004063f4       0x40 src/main.o
                0x004063f4                reset_alarm
 .text.main     0x00406434      0x1d4 src/main.o
                0x00406434                main
 .text          0x00406608      0x370 c:/program files (x86)/atmel/studio/7.0/toolchain/arm/arm-gnu-toolchain/bin/../lib/gcc/arm-none-eabi/6.3.1/thumb/v7e-m\libgcc.a(_arm_addsubdf3.o)
                0x00406608                __aeabi_drsub
                0x00406610                __aeabi_dsub
                0x00406610                __subdf3
                0x00406614                __aeabi_dadd
                0x00406614                __adddf3
                0x0040688c                __floatunsidf
                0x0040688c                __aeabi_ui2d
                0x004068ac                __floatsidf
                0x004068ac                __aeabi_i2d
                0x004068d0                __aeabi_f2d
                0x004068d0                __extendsfdf2
                0x0040690c                __floatundidf
                0x0040690c                __aeabi_ul2d
                0x0040691c                __floatdidf
                0x0040691c                __aeabi_l2d
 .text          0x00406978      0x424 c:/program files (x86)/atmel/studio/7.0/toolchain/arm/arm-gnu-toolchain/bin/../lib/gcc/arm-none-eabi/6.3.1/thumb/v7e-m\libgcc.a(_arm_muldivdf3.o)
                0x00406978                __aeabi_dmul
                0x00406978                __muldf3
                0x00406bcc                __divdf3
                0x00406bcc                __aeabi_ddiv
 .text          0x00406d9c      0x110 c:/program files (x86)/atmel/studio/7.0/toolchain/arm/arm-gnu-toolchain/bin/../lib/gcc/arm-none-eabi/6.3.1/thumb/v7e-m\libgcc.a(_arm_cmpdf2.o)
                0x00406d9c                __gtdf2
                0x00406d9c                __gedf2
                0x00406da4                __ltdf2
                0x00406da4                __ledf2
                0x00406dac                __nedf2
                0x00406dac                __eqdf2
                0x00406dac                __cmpdf2
                0x00406e28                __aeabi_cdrcmple
                0x00406e38                __aeabi_cdcmpeq
                0x00406e38                __aeabi_cdcmple
                0x00406e48                __aeabi_dcmpeq
                0x00406e5c                __aeabi_dcmplt
                0x00406e70                __aeabi_dcmple
                0x00406e84                __aeabi_dcmpge
                0x00406e98                __aeabi_dcmpgt
 .text          0x00406eac       0x2c c:/program files (x86)/atmel/studio/7.0/toolchain/arm/arm-gnu-toolchain/bin/../lib/gcc/arm-none-eabi/6.3.1/thumb/v7e-m\libgcc.a(_arm_unorddf2.o)
                0x00406eac                __unorddf2
                0x00406eac                __aeabi_dcmpun
 .text          0x00406ed8       0x30 c:/program files (x86)/atmel/studio/7.0/toolchain/arm/arm-gnu-toolchain/bin/../lib/gcc/arm-none-eabi/6.3.1/thumb/v7e-m\libgcc.a(_aeabi_uldivmod.o)
                0x00406ed8                __aeabi_uldivmod
 .text          0x00406f08      0x2dc c:/program files (x86)/atmel/studio/7.0/toolchain/arm/arm-gnu-toolchain/bin/../lib/gcc/arm-none-eabi/6.3.1/thumb/v7e-m\libgcc.a(_udivmoddi4.o)
                0x00406f08                __udivmoddi4
 .text          0x004071e4        0x4 c:/program files (x86)/atmel/studio/7.0/toolchain/arm/arm-gnu-toolchain/bin/../lib/gcc/arm-none-eabi/6.3.1/thumb/v7e-m\libgcc.a(_dvmd_tls.o)
                0x004071e4                __aeabi_idiv0
                0x004071e4                __aeabi_ldiv0
 .text.__libc_init_array
                0x004071e8       0x50 c:/program files (x86)/atmel/studio/7.0/toolchain/arm/arm-gnu-toolchain/bin/../lib/gcc/arm-none-eabi/6.3.1/../../../../arm-none-eabi/lib/thumb/v7e-m\libc.a(lib_a-init.o)
                0x004071e8                __libc_init_array
 .text.malloc   0x00407238       0x10 c:/program files (x86)/atmel/studio/7.0/toolchain/arm/arm-gnu-toolchain/bin/../lib/gcc/arm-none-eabi/6.3.1/../../../../arm-none-eabi/lib/thumb/v7e-m\libc.a(lib_a-malloc.o)
                0x00407238                malloc
 .text._malloc_r
                0x00407248      0x560 c:/program files (x86)/atmel/studio/7.0/toolchain/arm/arm-gnu-toolchain/bin/../lib/gcc/arm-none-eabi/6.3.1/../../../../arm-none-eabi/lib/thumb/v7e-m\libc.a(lib_a-mallocr.o)
                0x00407248                _malloc_r
 .text.memset   0x004077a8       0x9c c:/program files (x86)/atmel/studio/7.0/toolchain/arm/arm-gnu-toolchain/bin/../lib/gcc/arm-none-eabi/6.3.1/../../../../arm-none-eabi/lib/thumb/v7e-m\libc.a(lib_a-memset.o)
                0x004077a8                memset
 .text.__malloc_lock
                0x00407844        0xc c:/program files (x86)/atmel/studio/7.0/toolchain/arm/arm-gnu-toolchain/bin/../lib/gcc/arm-none-eabi/6.3.1/../../../../arm-none-eabi/lib/thumb/v7e-m\libc.a(lib_a-mlock.o)
                0x00407844                __malloc_lock
 .text.__malloc_unlock
                0x00407850        0xc c:/program files (x86)/atmel/studio/7.0/toolchain/arm/arm-gnu-toolchain/bin/../lib/gcc/arm-none-eabi/6.3.1/../../../../arm-none-eabi/lib/thumb/v7e-m\libc.a(lib_a-mlock.o)
                0x00407850                __malloc_unlock
 .text._sbrk_r  0x0040785c       0x24 c:/program files (x86)/atmel/studio/7.0/toolchain/arm/arm-gnu-toolchain/bin/../lib/gcc/arm-none-eabi/6.3.1/../../../../arm-none-eabi/lib/thumb/v7e-m\libc.a(lib_a-sbrkr.o)
                0x0040785c                _sbrk_r
 .text.setbuf   0x00407880       0x10 c:/program files (x86)/atmel/studio/7.0/toolchain/arm/arm-gnu-toolchain/bin/../lib/gcc/arm-none-eabi/6.3.1/../../../../arm-none-eabi/lib/thumb/v7e-m\libc.a(lib_a-setbuf.o)
                0x00407880                setbuf
 .text.setvbuf  0x00407890      0x190 c:/program files (x86)/atmel/studio/7.0/toolchain/arm/arm-gnu-toolchain/bin/../lib/gcc/arm-none-eabi/6.3.1/../../../../arm-none-eabi/lib/thumb/v7e-m\libc.a(lib_a-setvbuf.o)
                0x00407890                setvbuf
 .text.sprintf  0x00407a20       0x4c c:/program files (x86)/atmel/studio/7.0/toolchain/arm/arm-gnu-toolchain/bin/../lib/gcc/arm-none-eabi/6.3.1/../../../../arm-none-eabi/lib/thumb/v7e-m\libc.a(lib_a-sprintf.o)
                0x00407a20                sprintf
 .text.strcat   0x00407a6c       0x40 c:/program files (x86)/atmel/studio/7.0/toolchain/arm/arm-gnu-toolchain/bin/../lib/gcc/arm-none-eabi/6.3.1/../../../../arm-none-eabi/lib/thumb/v7e-m\libc.a(lib_a-strcat.o)
                0x00407a6c                strcat
 *fill*         0x00407aac       0x14 
 .text          0x00407ac0      0x2dc c:/program files (x86)/atmel/studio/7.0/toolchain/arm/arm-gnu-toolchain/bin/../lib/gcc/arm-none-eabi/6.3.1/../../../../arm-none-eabi/lib/thumb/v7e-m\libc.a(lib_a-strcmp.o)
                0x00407ac8                strcmp
 .text.strcpy   0x00407d9c       0xbc c:/program files (x86)/atmel/studio/7.0/toolchain/arm/arm-gnu-toolchain/bin/../lib/gcc/arm-none-eabi/6.3.1/../../../../arm-none-eabi/lib/thumb/v7e-m\libc.a(lib_a-strcpy.o)
                0x00407d9c                strcpy
 *fill*         0x00407e58       0x28 
 .text          0x00407e80       0xdc c:/program files (x86)/atmel/studio/7.0/toolchain/arm/arm-gnu-toolchain/bin/../lib/gcc/arm-none-eabi/6.3.1/../../../../arm-none-eabi/lib/thumb/v7e-m\libc.a(lib_a-strlen.o)
                0x00407e80                strlen
 .text._svfprintf_r
                0x00407f5c     0x145c c:/program files (x86)/atmel/studio/7.0/toolchain/arm/arm-gnu-toolchain/bin/../lib/gcc/arm-none-eabi/6.3.1/../../../../arm-none-eabi/lib/thumb/v7e-m\libc.a(lib_a-svfprintf.o)
                0x00407f5c                _svfprintf_r
 .text.startup.register_fini
                0x004093b8       0x14 c:/program files (x86)/atmel/studio/7.0/toolchain/arm/arm-gnu-toolchain/bin/../lib/gcc/arm-none-eabi/6.3.1/../../../../arm-none-eabi/lib/thumb/v7e-m\libc.a(lib_a-__call_atexit.o)
 .text.atexit   0x004093cc        0xc c:/program files (x86)/atmel/studio/7.0/toolchain/arm/arm-gnu-toolchain/bin/../lib/gcc/arm-none-eabi/6.3.1/../../../../arm-none-eabi/lib/thumb/v7e-m\libc.a(lib_a-atexit.o)
                0x004093cc                atexit
 .text.quorem   0x004093d8      0x128 c:/program files (x86)/atmel/studio/7.0/toolchain/arm/arm-gnu-toolchain/bin/../lib/gcc/arm-none-eabi/6.3.1/../../../../arm-none-eabi/lib/thumb/v7e-m\libc.a(lib_a-dtoa.o)
 .text._dtoa_r  0x00409500      0xe54 c:/program files (x86)/atmel/studio/7.0/toolchain/arm/arm-gnu-toolchain/bin/../lib/gcc/arm-none-eabi/6.3.1/../../../../arm-none-eabi/lib/thumb/v7e-m\libc.a(lib_a-dtoa.o)
                0x00409500                _dtoa_r
 .text.__sflush_r
                0x0040a354      0x140 c:/program files (x86)/atmel/studio/7.0/toolchain/arm/arm-gnu-toolchain/bin/../lib/gcc/arm-none-eabi/6.3.1/../../../../arm-none-eabi/lib/thumb/v7e-m\libc.a(lib_a-fflush.o)
                0x0040a354                __sflush_r
 .text._fflush_r
                0x0040a494       0x54 c:/program files (x86)/atmel/studio/7.0/toolchain/arm/arm-gnu-toolchain/bin/../lib/gcc/arm-none-eabi/6.3.1/../../../../arm-none-eabi/lib/thumb/v7e-m\libc.a(lib_a-fflush.o)
                0x0040a494                _fflush_r
 .text._cleanup_r
                0x0040a4e8        0xc c:/program files (x86)/atmel/studio/7.0/toolchain/arm/arm-gnu-toolchain/bin/../lib/gcc/arm-none-eabi/6.3.1/../../../../arm-none-eabi/lib/thumb/v7e-m\libc.a(lib_a-findfp.o)
                0x0040a4e8                _cleanup_r
 .text.std.isra.0
                0x0040a4f4       0x50 c:/program files (x86)/atmel/studio/7.0/toolchain/arm/arm-gnu-toolchain/bin/../lib/gcc/arm-none-eabi/6.3.1/../../../../arm-none-eabi/lib/thumb/v7e-m\libc.a(lib_a-findfp.o)
 .text.__sinit  0x0040a544       0x58 c:/program files (x86)/atmel/studio/7.0/toolchain/arm/arm-gnu-toolchain/bin/../lib/gcc/arm-none-eabi/6.3.1/../../../../arm-none-eabi/lib/thumb/v7e-m\libc.a(lib_a-findfp.o)
                0x0040a544                __sinit
 .text.__sfp_lock_acquire
                0x0040a59c        0xc c:/program files (x86)/atmel/studio/7.0/toolchain/arm/arm-gnu-toolchain/bin/../lib/gcc/arm-none-eabi/6.3.1/../../../../arm-none-eabi/lib/thumb/v7e-m\libc.a(lib_a-findfp.o)
                0x0040a59c                __sfp_lock_acquire
 .text.__sfp_lock_release
                0x0040a5a8        0xc c:/program files (x86)/atmel/studio/7.0/toolchain/arm/arm-gnu-toolchain/bin/../lib/gcc/arm-none-eabi/6.3.1/../../../../arm-none-eabi/lib/thumb/v7e-m\libc.a(lib_a-findfp.o)
                0x0040a5a8                __sfp_lock_release
 .text.__libc_fini_array
                0x0040a5b4       0x34 c:/program files (x86)/atmel/studio/7.0/toolchain/arm/arm-gnu-toolchain/bin/../lib/gcc/arm-none-eabi/6.3.1/../../../../arm-none-eabi/lib/thumb/v7e-m\libc.a(lib_a-fini.o)
                0x0040a5b4                __libc_fini_array
 .text._malloc_trim_r
                0x0040a5e8       0xa0 c:/program files (x86)/atmel/studio/7.0/toolchain/arm/arm-gnu-toolchain/bin/../lib/gcc/arm-none-eabi/6.3.1/../../../../arm-none-eabi/lib/thumb/v7e-m\libc.a(lib_a-freer.o)
                0x0040a5e8                _malloc_trim_r
 .text._free_r  0x0040a688      0x1cc c:/program files (x86)/atmel/studio/7.0/toolchain/arm/arm-gnu-toolchain/bin/../lib/gcc/arm-none-eabi/6.3.1/../../../../arm-none-eabi/lib/thumb/v7e-m\libc.a(lib_a-freer.o)
                0x0040a688                _free_r
 .text._fwalk_reent
                0x0040a854       0x54 c:/program files (x86)/atmel/studio/7.0/toolchain/arm/arm-gnu-toolchain/bin/../lib/gcc/arm-none-eabi/6.3.1/../../../../arm-none-eabi/lib/thumb/v7e-m\libc.a(lib_a-fwalk.o)
                0x0040a854                _fwalk_reent
 .text._localeconv_r
                0x0040a8a8       0x1c c:/program files (x86)/atmel/studio/7.0/toolchain/arm/arm-gnu-toolchain/bin/../lib/gcc/arm-none-eabi/6.3.1/../../../../arm-none-eabi/lib/thumb/v7e-m\libc.a(lib_a-localeconv.o)
                0x0040a8a8                _localeconv_r
 .text.__retarget_lock_init_recursive
                0x0040a8c4        0x4 c:/program files (x86)/atmel/studio/7.0/toolchain/arm/arm-gnu-toolchain/bin/../lib/gcc/arm-none-eabi/6.3.1/../../../../arm-none-eabi/lib/thumb/v7e-m\libc.a(lib_a-lock.o)
                0x0040a8c4                __retarget_lock_init_recursive
 .text.__retarget_lock_close_recursive
                0x0040a8c8        0x4 c:/program files (x86)/atmel/studio/7.0/toolchain/arm/arm-gnu-toolchain/bin/../lib/gcc/arm-none-eabi/6.3.1/../../../../arm-none-eabi/lib/thumb/v7e-m\libc.a(lib_a-lock.o)
                0x0040a8c8                __retarget_lock_close_recursive
 .text.__retarget_lock_acquire_recursive
                0x0040a8cc        0x4 c:/program files (x86)/atmel/studio/7.0/toolchain/arm/arm-gnu-toolchain/bin/../lib/gcc/arm-none-eabi/6.3.1/../../../../arm-none-eabi/lib/thumb/v7e-m\libc.a(lib_a-lock.o)
                0x0040a8cc                __retarget_lock_acquire_recursive
 .text.__retarget_lock_release_recursive
                0x0040a8d0        0x4 c:/program files (x86)/atmel/studio/7.0/toolchain/arm/arm-gnu-toolchain/bin/../lib/gcc/arm-none-eabi/6.3.1/../../../../arm-none-eabi/lib/thumb/v7e-m\libc.a(lib_a-lock.o)
                0x0040a8d0                __retarget_lock_release_recursive
 .text.__swhatbuf_r
                0x0040a8d4       0x5c c:/program files (x86)/atmel/studio/7.0/toolchain/arm/arm-gnu-toolchain/bin/../lib/gcc/arm-none-eabi/6.3.1/../../../../arm-none-eabi/lib/thumb/v7e-m\libc.a(lib_a-makebuf.o)
                0x0040a8d4                __swhatbuf_r
 .text          0x0040a930       0xa0 c:/program files (x86)/atmel/studio/7.0/toolchain/arm/arm-gnu-toolchain/bin/../lib/gcc/arm-none-eabi/6.3.1/../../../../arm-none-eabi/lib/thumb/v7e-m\libc.a(lib_a-memchr.o)
                0x0040a930                memchr
 .text          0x0040a9d0      0x134 c:/program files (x86)/atmel/studio/7.0/toolchain/arm/arm-gnu-toolchain/bin/../lib/gcc/arm-none-eabi/6.3.1/../../../../arm-none-eabi/lib/thumb/v7e-m\libc.a(lib_a-memcpy.o)
                0x0040a9d0                memcpy
 .text._Balloc  0x0040ab04       0x4c c:/program files (x86)/atmel/studio/7.0/toolchain/arm/arm-gnu-toolchain/bin/../lib/gcc/arm-none-eabi/6.3.1/../../../../arm-none-eabi/lib/thumb/v7e-m\libc.a(lib_a-mprec.o)
                0x0040ab04                _Balloc
 .text._Bfree   0x0040ab50       0x14 c:/program files (x86)/atmel/studio/7.0/toolchain/arm/arm-gnu-toolchain/bin/../lib/gcc/arm-none-eabi/6.3.1/../../../../arm-none-eabi/lib/thumb/v7e-m\libc.a(lib_a-mprec.o)
                0x0040ab50                _Bfree
 .text.__multadd
                0x0040ab64       0x80 c:/program files (x86)/atmel/studio/7.0/toolchain/arm/arm-gnu-toolchain/bin/../lib/gcc/arm-none-eabi/6.3.1/../../../../arm-none-eabi/lib/thumb/v7e-m\libc.a(lib_a-mprec.o)
                0x0040ab64                __multadd
 .text.__hi0bits
                0x0040abe4       0x40 c:/program files (x86)/atmel/studio/7.0/toolchain/arm/arm-gnu-toolchain/bin/../lib/gcc/arm-none-eabi/6.3.1/../../../../arm-none-eabi/lib/thumb/v7e-m\libc.a(lib_a-mprec.o)
                0x0040abe4                __hi0bits
 .text.__lo0bits
                0x0040ac24       0x60 c:/program files (x86)/atmel/studio/7.0/toolchain/arm/arm-gnu-toolchain/bin/../lib/gcc/arm-none-eabi/6.3.1/../../../../arm-none-eabi/lib/thumb/v7e-m\libc.a(lib_a-mprec.o)
                0x0040ac24                __lo0bits
 .text.__i2b    0x0040ac84       0x14 c:/program files (x86)/atmel/studio/7.0/toolchain/arm/arm-gnu-toolchain/bin/../lib/gcc/arm-none-eabi/6.3.1/../../../../arm-none-eabi/lib/thumb/v7e-m\libc.a(lib_a-mprec.o)
                0x0040ac84                __i2b
 .text.__multiply
                0x0040ac98      0x124 c:/program files (x86)/atmel/studio/7.0/toolchain/arm/arm-gnu-toolchain/bin/../lib/gcc/arm-none-eabi/6.3.1/../../../../arm-none-eabi/lib/thumb/v7e-m\libc.a(lib_a-mprec.o)
                0x0040ac98                __multiply
 .text.__pow5mult
                0x0040adbc       0xa0 c:/program files (x86)/atmel/studio/7.0/toolchain/arm/arm-gnu-toolchain/bin/../lib/gcc/arm-none-eabi/6.3.1/../../../../arm-none-eabi/lib/thumb/v7e-m\libc.a(lib_a-mprec.o)
                0x0040adbc                __pow5mult
 .text.__lshift
                0x0040ae5c       0xa4 c:/program files (x86)/atmel/studio/7.0/toolchain/arm/arm-gnu-toolchain/bin/../lib/gcc/arm-none-eabi/6.3.1/../../../../arm-none-eabi/lib/thumb/v7e-m\libc.a(lib_a-mprec.o)
                0x0040ae5c                __lshift
 .text.__mcmp   0x0040af00       0x38 c:/program files (x86)/atmel/studio/7.0/toolchain/arm/arm-gnu-toolchain/bin/../lib/gcc/arm-none-eabi/6.3.1/../../../../arm-none-eabi/lib/thumb/v7e-m\libc.a(lib_a-mprec.o)
                0x0040af00                __mcmp
 .text.__mdiff  0x0040af38      0x108 c:/program files (x86)/atmel/studio/7.0/toolchain/arm/arm-gnu-toolchain/bin/../lib/gcc/arm-none-eabi/6.3.1/../../../../arm-none-eabi/lib/thumb/v7e-m\libc.a(lib_a-mprec.o)
                0x0040af38                __mdiff
 .text.__d2b    0x0040b040       0xb8 c:/program files (x86)/atmel/studio/7.0/toolchain/arm/arm-gnu-toolchain/bin/../lib/gcc/arm-none-eabi/6.3.1/../../../../arm-none-eabi/lib/thumb/v7e-m\libc.a(lib_a-mprec.o)
                0x0040b040                __d2b
 .text.__sread  0x0040b0f8       0x24 c:/program files (x86)/atmel/studio/7.0/toolchain/arm/arm-gnu-toolchain/bin/../lib/gcc/arm-none-eabi/6.3.1/../../../../arm-none-eabi/lib/thumb/v7e-m\libc.a(lib_a-stdio.o)
                0x0040b0f8                __sread
 .text.__swrite
                0x0040b11c       0x3c c:/program files (x86)/atmel/studio/7.0/toolchain/arm/arm-gnu-toolchain/bin/../lib/gcc/arm-none-eabi/6.3.1/../../../../arm-none-eabi/lib/thumb/v7e-m\libc.a(lib_a-stdio.o)
                0x0040b11c                __swrite
 .text.__sseek  0x0040b158       0x20 c:/program files (x86)/atmel/studio/7.0/toolchain/arm/arm-gnu-toolchain/bin/../lib/gcc/arm-none-eabi/6.3.1/../../../../arm-none-eabi/lib/thumb/v7e-m\libc.a(lib_a-stdio.o)
                0x0040b158                __sseek
 .text.__sclose
                0x0040b178        0x8 c:/program files (x86)/atmel/studio/7.0/toolchain/arm/arm-gnu-toolchain/bin/../lib/gcc/arm-none-eabi/6.3.1/../../../../arm-none-eabi/lib/thumb/v7e-m\libc.a(lib_a-stdio.o)
                0x0040b178                __sclose
 .text.__ssprint_r
                0x0040b180       0xfc c:/program files (x86)/atmel/studio/7.0/toolchain/arm/arm-gnu-toolchain/bin/../lib/gcc/arm-none-eabi/6.3.1/../../../../arm-none-eabi/lib/thumb/v7e-m\libc.a(lib_a-svfiprintf.o)
                0x0040b180                __ssprint_r
 .text._write_r
                0x0040b27c       0x2c c:/program files (x86)/atmel/studio/7.0/toolchain/arm/arm-gnu-toolchain/bin/../lib/gcc/arm-none-eabi/6.3.1/../../../../arm-none-eabi/lib/thumb/v7e-m\libc.a(lib_a-writer.o)
                0x0040b27c                _write_r
 .text.__register_exitproc
                0x0040b2a8       0xc4 c:/program files (x86)/atmel/studio/7.0/toolchain/arm/arm-gnu-toolchain/bin/../lib/gcc/arm-none-eabi/6.3.1/../../../../arm-none-eabi/lib/thumb/v7e-m\libc.a(lib_a-__atexit.o)
                0x0040b2a8                __register_exitproc
 .text._calloc_r
                0x0040b36c       0x60 c:/program files (x86)/atmel/studio/7.0/toolchain/arm/arm-gnu-toolchain/bin/../lib/gcc/arm-none-eabi/6.3.1/../../../../arm-none-eabi/lib/thumb/v7e-m\libc.a(lib_a-callocr.o)
                0x0040b36c                _calloc_r
 .text._close_r
                0x0040b3cc       0x24 c:/program files (x86)/atmel/studio/7.0/toolchain/arm/arm-gnu-toolchain/bin/../lib/gcc/arm-none-eabi/6.3.1/../../../../arm-none-eabi/lib/thumb/v7e-m\libc.a(lib_a-closer.o)
                0x0040b3cc                _close_r
 .text._fclose_r
                0x0040b3f0       0xc4 c:/program files (x86)/atmel/studio/7.0/toolchain/arm/arm-gnu-toolchain/bin/../lib/gcc/arm-none-eabi/6.3.1/../../../../arm-none-eabi/lib/thumb/v7e-m\libc.a(lib_a-fclose.o)
                0x0040b3f0                _fclose_r
 .text._fstat_r
                0x0040b4b4       0x28 c:/program files (x86)/atmel/studio/7.0/toolchain/arm/arm-gnu-toolchain/bin/../lib/gcc/arm-none-eabi/6.3.1/../../../../arm-none-eabi/lib/thumb/v7e-m\libc.a(lib_a-fstatr.o)
                0x0040b4b4                _fstat_r
 .text._lseek_r
                0x0040b4dc       0x2c c:/program files (x86)/atmel/studio/7.0/toolchain/arm/arm-gnu-toolchain/bin/../lib/gcc/arm-none-eabi/6.3.1/../../../../arm-none-eabi/lib/thumb/v7e-m\libc.a(lib_a-lseekr.o)
                0x0040b4dc                _lseek_r
 .text.__ascii_mbtowc
                0x0040b508       0x2c c:/program files (x86)/atmel/studio/7.0/toolchain/arm/arm-gnu-toolchain/bin/../lib/gcc/arm-none-eabi/6.3.1/../../../../arm-none-eabi/lib/thumb/v7e-m\libc.a(lib_a-mbtowc_r.o)
                0x0040b508                __ascii_mbtowc
 .text.memmove  0x0040b534       0xc8 c:/program files (x86)/atmel/studio/7.0/toolchain/arm/arm-gnu-toolchain/bin/../lib/gcc/arm-none-eabi/6.3.1/../../../../arm-none-eabi/lib/thumb/v7e-m\libc.a(lib_a-memmove.o)
                0x0040b534                memmove
 .text._read_r  0x0040b5fc       0x2c c:/program files (x86)/atmel/studio/7.0/toolchain/arm/arm-gnu-toolchain/bin/../lib/gcc/arm-none-eabi/6.3.1/../../../../arm-none-eabi/lib/thumb/v7e-m\libc.a(lib_a-readr.o)
                0x0040b5fc                _read_r
 .text._realloc_r
                0x0040b628      0x34c c:/program files (x86)/atmel/studio/7.0/toolchain/arm/arm-gnu-toolchain/bin/../lib/gcc/arm-none-eabi/6.3.1/../../../../arm-none-eabi/lib/thumb/v7e-m\libc.a(lib_a-reallocr.o)
                0x0040b628                _realloc_r
 .text.__ascii_wctomb
                0x0040b974       0x1c c:/program files (x86)/atmel/studio/7.0/toolchain/arm/arm-gnu-toolchain/bin/../lib/gcc/arm-none-eabi/6.3.1/../../../../arm-none-eabi/lib/thumb/v7e-m\libc.a(lib_a-wctomb_r.o)
                0x0040b974                __ascii_wctomb
 .text          0x0040b990       0x50 c:/program files (x86)/atmel/studio/7.0/toolchain/arm/arm-gnu-toolchain/bin/../lib/gcc/arm-none-eabi/6.3.1/thumb/v7e-m\libgcc.a(_arm_fixdfsi.o)
                0x0040b990                __aeabi_d2iz
                0x0040b990                __fixdfsi
 *(.glue_7t)
 .glue_7t       0x0040b9e0        0x0 linker stubs
 *(.glue_7)
 .glue_7        0x0040b9e0        0x0 linker stubs
 *(.rodata .rodata* .gnu.linkonce.r.*)
 .rodata.crcpoly.9958
                0x0040b9e0        0x4 src/ASF/common/components/touch/mxt/mxt_device_1.o
 .rodata.image_data_locked
                0x0040b9e4     0x1d4c src/main.o
 .rodata.image_data_ok
                0x0040d730     0x1d4c src/main.o
 .rodata.image_data_pause
                0x0040f47c     0x1d4c src/main.o
 .rodata.image_data_play
                0x004111c8     0x1d4c src/main.o
 .rodata.image_data_imgret
                0x00412f14     0x1d4c src/main.o
 .rodata.image_data_imgstop
                0x00414c60     0x1d4c src/main.o
 .rodata.image_data_imgcentrifuga
                0x004169ac     0x7530 src/main.o
 .rodata.image_data_imgdiario
                0x0041dedc     0x7530 src/main.o
 .rodata.image_data_imgenxague
                0x0042540c     0x7530 src/main.o
 .rodata.image_data_imgfast
                0x0042c93c     0x7530 src/main.o
 .rodata.image_data_imgheavy
                0x00433e6c     0x7530 src/main.o
 .rodata.image_data_calibri_24_0x20
                0x0043b39c      0x168 src/main.o
 .rodata.calibri_24_0x20
                0x0043b504        0xc src/main.o
 .rodata.image_data_calibri_24_0x21
                0x0043b510      0x240 src/main.o
 .rodata.calibri_24_0x21
                0x0043b750        0xc src/main.o
 .rodata.image_data_calibri_24_0x22
                0x0043b75c      0x2d0 src/main.o
 .rodata.calibri_24_0x22
                0x0043ba2c        0xc src/main.o
 .rodata.image_data_calibri_24_0x23
                0x0043ba38      0x360 src/main.o
 .rodata.calibri_24_0x23
                0x0043bd98        0xc src/main.o
 .rodata.image_data_calibri_24_0x24
                0x0043bda4      0x360 src/main.o
 .rodata.calibri_24_0x24
                0x0043c104        0xc src/main.o
 .rodata.image_data_calibri_24_0x25
                0x0043c110      0x4c8 src/main.o
 .rodata.calibri_24_0x25
                0x0043c5d8        0xc src/main.o
 .rodata.image_data_calibri_24_0x26
                0x0043c5e4      0x480 src/main.o
 .rodata.calibri_24_0x26
                0x0043ca64        0xc src/main.o
 .rodata.image_data_calibri_24_0x27
                0x0043ca70      0x168 src/main.o
 .rodata.calibri_24_0x27
                0x0043cbd8        0xc src/main.o
 .rodata.image_data_calibri_24_0x28
                0x0043cbe4      0x1f8 src/main.o
 .rodata.calibri_24_0x28
                0x0043cddc        0xc src/main.o
 .rodata.image_data_calibri_24_0x29
                0x0043cde8      0x1f8 src/main.o
 .rodata.calibri_24_0x29
                0x0043cfe0        0xc src/main.o
 .rodata.image_data_calibri_24_0x2a
                0x0043cfec      0x360 src/main.o
 .rodata.calibri_24_0x2a
                0x0043d34c        0xc src/main.o
 .rodata.image_data_calibri_24_0x2b
                0x0043d358      0x360 src/main.o
 .rodata.calibri_24_0x2b
                0x0043d6b8        0xc src/main.o
 .rodata.image_data_calibri_24_0x2c
                0x0043d6c4      0x1b0 src/main.o
 .rodata.calibri_24_0x2c
                0x0043d874        0xc src/main.o
 .rodata.image_data_calibri_24_0x2d
                0x0043d880      0x1f8 src/main.o
 .rodata.calibri_24_0x2d
                0x0043da78        0xc src/main.o
 .rodata.image_data_calibri_24_0x2e
                0x0043da84      0x1b0 src/main.o
 .rodata.calibri_24_0x2e
                0x0043dc34        0xc src/main.o
 .rodata.image_data_calibri_24_0x2f
                0x0043dc40      0x288 src/main.o
 .rodata.calibri_24_0x2f
                0x0043dec8        0xc src/main.o
 .rodata.image_data_calibri_24_0x30
                0x0043ded4      0x360 src/main.o
 .rodata.calibri_24_0x30
                0x0043e234        0xc src/main.o
 .rodata.image_data_calibri_24_0x31
                0x0043e240      0x360 src/main.o
 .rodata.calibri_24_0x31
                0x0043e5a0        0xc src/main.o
 .rodata.image_data_calibri_24_0x32
                0x0043e5ac      0x360 src/main.o
 .rodata.calibri_24_0x32
                0x0043e90c        0xc src/main.o
 .rodata.image_data_calibri_24_0x33
                0x0043e918      0x360 src/main.o
 .rodata.calibri_24_0x33
                0x0043ec78        0xc src/main.o
 .rodata.image_data_calibri_24_0x34
                0x0043ec84      0x360 src/main.o
 .rodata.calibri_24_0x34
                0x0043efe4        0xc src/main.o
 .rodata.image_data_calibri_24_0x35
                0x0043eff0      0x360 src/main.o
 .rodata.calibri_24_0x35
                0x0043f350        0xc src/main.o
 .rodata.image_data_calibri_24_0x36
                0x0043f35c      0x360 src/main.o
 .rodata.calibri_24_0x36
                0x0043f6bc        0xc src/main.o
 .rodata.image_data_calibri_24_0x37
                0x0043f6c8      0x360 src/main.o
 .rodata.calibri_24_0x37
                0x0043fa28        0xc src/main.o
 .rodata.image_data_calibri_24_0x38
                0x0043fa34      0x360 src/main.o
 .rodata.calibri_24_0x38
                0x0043fd94        0xc src/main.o
 .rodata.image_data_calibri_24_0x39
                0x0043fda0      0x360 src/main.o
 .rodata.calibri_24_0x39
                0x00440100        0xc src/main.o
 .rodata.image_data_calibri_24_0x3a
                0x0044010c      0x1b0 src/main.o
 .rodata.calibri_24_0x3a
                0x004402bc        0xc src/main.o
 .rodata.image_data_calibri_24_0x3b
                0x004402c8      0x1b0 src/main.o
 .rodata.calibri_24_0x3b
                0x00440478        0xc src/main.o
 .rodata.image_data_calibri_24_0x3c
                0x00440484      0x360 src/main.o
 .rodata.calibri_24_0x3c
                0x004407e4        0xc src/main.o
 .rodata.image_data_calibri_24_0x3d
                0x004407f0      0x360 src/main.o
 .rodata.calibri_24_0x3d
                0x00440b50        0xc src/main.o
 .rodata.image_data_calibri_24_0x3e
                0x00440b5c      0x360 src/main.o
 .rodata.calibri_24_0x3e
                0x00440ebc        0xc src/main.o
 .rodata.image_data_calibri_24_0x3f
                0x00440ec8      0x318 src/main.o
 .rodata.calibri_24_0x3f
                0x004411e0        0xc src/main.o
 .rodata.image_data_calibri_24_0x40
                0x004411ec      0x5e8 src/main.o
 .rodata.calibri_24_0x40
                0x004417d4        0xc src/main.o
 .rodata.image_data_calibri_24_0x41
                0x004417e0      0x3f0 src/main.o
 .rodata.calibri_24_0x41
                0x00441bd0        0xc src/main.o
 .rodata.image_data_calibri_24_0x42
                0x00441bdc      0x3a8 src/main.o
 .rodata.calibri_24_0x42
                0x00441f84        0xc src/main.o
 .rodata.image_data_calibri_24_0x43
                0x00441f90      0x3a8 src/main.o
 .rodata.calibri_24_0x43
                0x00442338        0xc src/main.o
 .rodata.image_data_calibri_24_0x44
                0x00442344      0x438 src/main.o
 .rodata.calibri_24_0x44
                0x0044277c        0xc src/main.o
 .rodata.image_data_calibri_24_0x45
                0x00442788      0x360 src/main.o
 .rodata.calibri_24_0x45
                0x00442ae8        0xc src/main.o
 .rodata.image_data_calibri_24_0x46
                0x00442af4      0x318 src/main.o
 .rodata.calibri_24_0x46
                0x00442e0c        0xc src/main.o
 .rodata.image_data_calibri_24_0x47
                0x00442e18      0x438 src/main.o
 .rodata.calibri_24_0x47
                0x00443250        0xc src/main.o
 .rodata.image_data_calibri_24_0x48
                0x0044325c      0x438 src/main.o
 .rodata.calibri_24_0x48
                0x00443694        0xc src/main.o
 .rodata.image_data_calibri_24_0x49
                0x004436a0      0x1b0 src/main.o
 .rodata.calibri_24_0x49
                0x00443850        0xc src/main.o
 .rodata.image_data_calibri_24_0x4a
                0x0044385c      0x240 src/main.o
 .rodata.calibri_24_0x4a
                0x00443a9c        0xc src/main.o
 .rodata.image_data_calibri_24_0x4b
                0x00443aa8      0x360 src/main.o
 .rodata.calibri_24_0x4b
                0x00443e08        0xc src/main.o
 .rodata.image_data_calibri_24_0x4c
                0x00443e14      0x2d0 src/main.o
 .rodata.calibri_24_0x4c
                0x004440e4        0xc src/main.o
 .rodata.image_data_calibri_24_0x4d
                0x004440f0      0x5e8 src/main.o
 .rodata.calibri_24_0x4d
                0x004446d8        0xc src/main.o
 .rodata.image_data_calibri_24_0x4e
                0x004446e4      0x480 src/main.o
 .rodata.calibri_24_0x4e
                0x00444b64        0xc src/main.o
 .rodata.image_data_calibri_24_0x4f
                0x00444b70      0x480 src/main.o
 .rodata.calibri_24_0x4f
                0x00444ff0        0xc src/main.o
 .rodata.image_data_calibri_24_0x50
                0x00444ffc      0x360 src/main.o
 .rodata.calibri_24_0x50
                0x0044535c        0xc src/main.o
 .rodata.image_data_calibri_24_0x51
                0x00445368      0x4c8 src/main.o
 .rodata.calibri_24_0x51
                0x00445830        0xc src/main.o
 .rodata.image_data_calibri_24_0x52
                0x0044583c      0x3a8 src/main.o
 .rodata.calibri_24_0x52
                0x00445be4        0xc src/main.o
 .rodata.image_data_calibri_24_0x53
                0x00445bf0      0x318 src/main.o
 .rodata.calibri_24_0x53
                0x00445f08        0xc src/main.o
 .rodata.image_data_calibri_24_0x54
                0x00445f14      0x360 src/main.o
 .rodata.calibri_24_0x54
                0x00446274        0xc src/main.o
 .rodata.image_data_calibri_24_0x55
                0x00446280      0x438 src/main.o
 .rodata.calibri_24_0x55
                0x004466b8        0xc src/main.o
 .rodata.image_data_calibri_24_0x56
                0x004466c4      0x3f0 src/main.o
 .rodata.calibri_24_0x56
                0x00446ab4        0xc src/main.o
 .rodata.image_data_calibri_24_0x57
                0x00446ac0      0x5e8 src/main.o
 .rodata.calibri_24_0x57
                0x004470a8        0xc src/main.o
 .rodata.image_data_calibri_24_0x58
                0x004470b4      0x360 src/main.o
 .rodata.calibri_24_0x58
                0x00447414        0xc src/main.o
 .rodata.image_data_calibri_24_0x59
                0x00447420      0x360 src/main.o
 .rodata.calibri_24_0x59
                0x00447780        0xc src/main.o
 .rodata.image_data_calibri_24_0x5a
                0x0044778c      0x318 src/main.o
 .rodata.calibri_24_0x5a
                0x00447aa4        0xc src/main.o
 .rodata.image_data_calibri_24_0x5b
                0x00447ab0      0x1f8 src/main.o
 .rodata.calibri_24_0x5b
                0x00447ca8        0xc src/main.o
 .rodata.image_data_calibri_24_0x5c
                0x00447cb4      0x288 src/main.o
 .rodata.calibri_24_0x5c
                0x00447f3c        0xc src/main.o
 .rodata.image_data_calibri_24_0x5d
                0x00447f48      0x1f8 src/main.o
 .rodata.calibri_24_0x5d
                0x00448140        0xc src/main.o
 .rodata.image_data_calibri_24_0x5e
                0x0044814c      0x360 src/main.o
 .rodata.calibri_24_0x5e
                0x004484ac        0xc src/main.o
 .rodata.image_data_calibri_24_0x5f
                0x004484b8      0x360 src/main.o
 .rodata.calibri_24_0x5f
                0x00448818        0xc src/main.o
 .rodata.image_data_calibri_24_0x60
                0x00448824      0x1f8 src/main.o
 .rodata.calibri_24_0x60
                0x00448a1c        0xc src/main.o
 .rodata.image_data_calibri_24_0x61
                0x00448a28      0x360 src/main.o
 .rodata.calibri_24_0x61
                0x00448d88        0xc src/main.o
 .rodata.image_data_calibri_24_0x62
                0x00448d94      0x3a8 src/main.o
 .rodata.calibri_24_0x62
                0x0044913c        0xc src/main.o
 .rodata.image_data_calibri_24_0x63
                0x00449148      0x2d0 src/main.o
 .rodata.calibri_24_0x63
                0x00449418        0xc src/main.o
 .rodata.image_data_calibri_24_0x64
                0x00449424      0x3a8 src/main.o
 .rodata.calibri_24_0x64
                0x004497cc        0xc src/main.o
 .rodata.image_data_calibri_24_0x65
                0x004497d8      0x360 src/main.o
 .rodata.calibri_24_0x65
                0x00449b38        0xc src/main.o
 .rodata.image_data_calibri_24_0x66
                0x00449b44      0x1f8 src/main.o
 .rodata.calibri_24_0x66
                0x00449d3c        0xc src/main.o
 .rodata.image_data_calibri_24_0x67
                0x00449d48      0x318 src/main.o
 .rodata.calibri_24_0x67
                0x0044a060        0xc src/main.o
 .rodata.image_data_calibri_24_0x68
                0x0044a06c      0x3a8 src/main.o
 .rodata.calibri_24_0x68
                0x0044a414        0xc src/main.o
 .rodata.image_data_calibri_24_0x69
                0x0044a420      0x1b0 src/main.o
 .rodata.calibri_24_0x69
                0x0044a5d0        0xc src/main.o
 .rodata.image_data_calibri_24_0x6a
                0x0044a5dc      0x1b0 src/main.o
 .rodata.calibri_24_0x6a
                0x0044a78c        0xc src/main.o
 .rodata.image_data_calibri_24_0x6b
                0x0044a798      0x318 src/main.o
 .rodata.calibri_24_0x6b
                0x0044aab0        0xc src/main.o
 .rodata.image_data_calibri_24_0x6c
                0x0044aabc      0x1b0 src/main.o
 .rodata.calibri_24_0x6c
                0x0044ac6c        0xc src/main.o
 .rodata.image_data_calibri_24_0x6d
                0x0044ac78      0x558 src/main.o
 .rodata.calibri_24_0x6d
                0x0044b1d0        0xc src/main.o
 .rodata.image_data_calibri_24_0x6e
                0x0044b1dc      0x3a8 src/main.o
 .rodata.calibri_24_0x6e
                0x0044b584        0xc src/main.o
 .rodata.image_data_calibri_24_0x6f
                0x0044b590      0x3a8 src/main.o
 .rodata.calibri_24_0x6f
                0x0044b938        0xc src/main.o
 .rodata.image_data_calibri_24_0x70
                0x0044b944      0x3a8 src/main.o
 .rodata.calibri_24_0x70
                0x0044bcec        0xc src/main.o
 .rodata.image_data_calibri_24_0x71
                0x0044bcf8      0x3a8 src/main.o
 .rodata.calibri_24_0x71
                0x0044c0a0        0xc src/main.o
 .rodata.image_data_calibri_24_0x72
                0x0044c0ac      0x240 src/main.o
 .rodata.calibri_24_0x72
                0x0044c2ec        0xc src/main.o
 .rodata.image_data_calibri_24_0x73
                0x0044c2f8      0x288 src/main.o
 .rodata.calibri_24_0x73
                0x0044c580        0xc src/main.o
 .rodata.image_data_calibri_24_0x74
                0x0044c58c      0x240 src/main.o
 .rodata.calibri_24_0x74
                0x0044c7cc        0xc src/main.o
 .rodata.image_data_calibri_24_0x75
                0x0044c7d8      0x3a8 src/main.o
 .rodata.calibri_24_0x75
                0x0044cb80        0xc src/main.o
 .rodata.image_data_calibri_24_0x76
                0x0044cb8c      0x318 src/main.o
 .rodata.calibri_24_0x76
                0x0044cea4        0xc src/main.o
 .rodata.image_data_calibri_24_0x77
                0x0044ceb0      0x4c8 src/main.o
 .rodata.calibri_24_0x77
                0x0044d378        0xc src/main.o
 .rodata.image_data_calibri_24_0x78
                0x0044d384      0x2d0 src/main.o
 .rodata.calibri_24_0x78
                0x0044d654        0xc src/main.o
 .rodata.image_data_calibri_24_0x79
                0x0044d660      0x318 src/main.o
 .rodata.calibri_24_0x79
                0x0044d978        0xc src/main.o
 .rodata.image_data_calibri_24_0x7a
                0x0044d984      0x288 src/main.o
 .rodata.calibri_24_0x7a
                0x0044dc0c        0xc src/main.o
 .rodata.image_data_calibri_24_0x7b
                0x0044dc18      0x240 src/main.o
 .rodata.calibri_24_0x7b
                0x0044de58        0xc src/main.o
 .rodata.image_data_calibri_24_0x7c
                0x0044de64      0x318 src/main.o
 .rodata.calibri_24_0x7c
                0x0044e17c        0xc src/main.o
 .rodata.image_data_calibri_24_0x7d
                0x0044e188      0x240 src/main.o
 .rodata.calibri_24_0x7d
                0x0044e3c8        0xc src/main.o
 .rodata.image_data_calibri_24_0x7e
                0x0044e3d4      0x360 src/main.o
 .rodata.calibri_24_0x7e
                0x0044e734        0xc src/main.o
 .rodata.calibri_24_array
                0x0044e740      0x2f8 src/main.o
 .rodata.calibri_24
                0x0044ea38        0xc src/main.o
                0x0044ea38                calibri_24
 .rodata        0x0044ea44      0x1fc src/main.o
 .rodata._global_impure_ptr
                0x0044ec40        0x4 c:/program files (x86)/atmel/studio/7.0/toolchain/arm/arm-gnu-toolchain/bin/../lib/gcc/arm-none-eabi/6.3.1/../../../../arm-none-eabi/lib/thumb/v7e-m\libc.a(lib_a-impure.o)
                0x0044ec40                _global_impure_ptr
 .rodata._svfprintf_r.str1.4
                0x0044ec44       0x42 c:/program files (x86)/atmel/studio/7.0/toolchain/arm/arm-gnu-toolchain/bin/../lib/gcc/arm-none-eabi/6.3.1/../../../../arm-none-eabi/lib/thumb/v7e-m\libc.a(lib_a-svfprintf.o)
 *fill*         0x0044ec86        0x2 
 .rodata.blanks.7223
                0x0044ec88       0x10 c:/program files (x86)/atmel/studio/7.0/toolchain/arm/arm-gnu-toolchain/bin/../lib/gcc/arm-none-eabi/6.3.1/../../../../arm-none-eabi/lib/thumb/v7e-m\libc.a(lib_a-svfprintf.o)
 .rodata.zeroes.7224
                0x0044ec98       0x10 c:/program files (x86)/atmel/studio/7.0/toolchain/arm/arm-gnu-toolchain/bin/../lib/gcc/arm-none-eabi/6.3.1/../../../../arm-none-eabi/lib/thumb/v7e-m\libc.a(lib_a-svfprintf.o)
 .rodata._dtoa_r.str1.4
                0x0044eca8       0x10 c:/program files (x86)/atmel/studio/7.0/toolchain/arm/arm-gnu-toolchain/bin/../lib/gcc/arm-none-eabi/6.3.1/../../../../arm-none-eabi/lib/thumb/v7e-m\libc.a(lib_a-dtoa.o)
                                 0x12 (size before relaxing)
 .rodata.__mprec_bigtens
                0x0044ecb8       0x28 c:/program files (x86)/atmel/studio/7.0/toolchain/arm/arm-gnu-toolchain/bin/../lib/gcc/arm-none-eabi/6.3.1/../../../../arm-none-eabi/lib/thumb/v7e-m\libc.a(lib_a-mprec.o)
                0x0044ecb8                __mprec_bigtens
 .rodata.__mprec_tens
                0x0044ece0       0xc8 c:/program files (x86)/atmel/studio/7.0/toolchain/arm/arm-gnu-toolchain/bin/../lib/gcc/arm-none-eabi/6.3.1/../../../../arm-none-eabi/lib/thumb/v7e-m\libc.a(lib_a-mprec.o)
                0x0044ece0                __mprec_tens
 .rodata.p05.6055
                0x0044eda8        0xc c:/program files (x86)/atmel/studio/7.0/toolchain/arm/arm-gnu-toolchain/bin/../lib/gcc/arm-none-eabi/6.3.1/../../../../arm-none-eabi/lib/thumb/v7e-m\libc.a(lib_a-mprec.o)
 .rodata._setlocale_r.str1.4
                0x0044edb4        0xa c:/program files (x86)/atmel/studio/7.0/toolchain/arm/arm-gnu-toolchain/bin/../lib/gcc/arm-none-eabi/6.3.1/../../../../arm-none-eabi/lib/thumb/v7e-m\libc.a(lib_a-locale.o)
                                  0xd (size before relaxing)
 *fill*         0x0044edbe        0x2 
 .rodata.str1.4
                0x0044edc0        0x4 c:/program files (x86)/atmel/studio/7.0/toolchain/arm/arm-gnu-toolchain/bin/../lib/gcc/arm-none-eabi/6.3.1/../../../../arm-none-eabi/lib/thumb/v7e-m\libc.a(lib_a-locale.o)
                                  0x2 (size before relaxing)
 .rodata._ctype_
                0x0044edc4      0x101 c:/program files (x86)/atmel/studio/7.0/toolchain/arm/arm-gnu-toolchain/bin/../lib/gcc/arm-none-eabi/6.3.1/../../../../arm-none-eabi/lib/thumb/v7e-m\libc.a(lib_a-ctype_.o)
                0x0044edc4                _ctype_
 *(.ARM.extab* .gnu.linkonce.armextab.*)
                0x0044eec8                . = ALIGN (0x4)
 *fill*         0x0044eec5        0x3 
 *(.init)
 .init          0x0044eec8        0x4 c:/program files (x86)/atmel/studio/7.0/toolchain/arm/arm-gnu-toolchain/bin/../lib/gcc/arm-none-eabi/6.3.1/thumb/v7e-m/crti.o
                0x0044eec8                _init
 .init          0x0044eecc        0x8 c:/program files (x86)/atmel/studio/7.0/toolchain/arm/arm-gnu-toolchain/bin/../lib/gcc/arm-none-eabi/6.3.1/thumb/v7e-m/crtn.o
                0x0044eed4                . = ALIGN (0x4)
                0x0044eed4                __preinit_array_start = .
 *(.preinit_array)
                0x0044eed4                __preinit_array_end = .
                0x0044eed4                . = ALIGN (0x4)
                0x0044eed4                __init_array_start = .
 *(SORT(.init_array.*))
 .init_array.00000
                0x0044eed4        0x4 c:/program files (x86)/atmel/studio/7.0/toolchain/arm/arm-gnu-toolchain/bin/../lib/gcc/arm-none-eabi/6.3.1/../../../../arm-none-eabi/lib/thumb/v7e-m\libc.a(lib_a-__call_atexit.o)
 *(.init_array)
 .init_array    0x0044eed8        0x4 c:/program files (x86)/atmel/studio/7.0/toolchain/arm/arm-gnu-toolchain/bin/../lib/gcc/arm-none-eabi/6.3.1/thumb/v7e-m/crtbegin.o
                0x0044eedc                __init_array_end = .
                0x0044eedc                . = ALIGN (0x4)
 *crtbegin.o(.ctors)
 *(EXCLUDE_FILE(*crtend.o) .ctors)
 *(SORT(.ctors.*))
 *crtend.o(.ctors)
                0x0044eedc                . = ALIGN (0x4)
 *(.fini)
 .fini          0x0044eedc        0x4 c:/program files (x86)/atmel/studio/7.0/toolchain/arm/arm-gnu-toolchain/bin/../lib/gcc/arm-none-eabi/6.3.1/thumb/v7e-m/crti.o
                0x0044eedc                _fini
 .fini          0x0044eee0        0x8 c:/program files (x86)/atmel/studio/7.0/toolchain/arm/arm-gnu-toolchain/bin/../lib/gcc/arm-none-eabi/6.3.1/thumb/v7e-m/crtn.o
                0x0044eee8                . = ALIGN (0x4)
                0x0044eee8                __fini_array_start = .
 *(.fini_array)
 .fini_array    0x0044eee8        0x4 c:/program files (x86)/atmel/studio/7.0/toolchain/arm/arm-gnu-toolchain/bin/../lib/gcc/arm-none-eabi/6.3.1/thumb/v7e-m/crtbegin.o
 *(SORT(.fini_array.*))
                0x0044eeec                __fini_array_end = .
 *crtbegin.o(.dtors)
 *(EXCLUDE_FILE(*crtend.o) .dtors)
 *(SORT(.dtors.*))
 *crtend.o(.dtors)
                0x0044eeec                . = ALIGN (0x4)
                0x0044eeec                _efixed = .
                [!provide]                PROVIDE (__exidx_start, .)

.vfp11_veneer   0x0044eeec        0x0
 .vfp11_veneer  0x0044eeec        0x0 linker stubs

.v4_bx          0x0044eeec        0x0
 .v4_bx         0x0044eeec        0x0 linker stubs

.iplt           0x0044eeec        0x0
 .iplt          0x0044eeec        0x0 c:/program files (x86)/atmel/studio/7.0/toolchain/arm/arm-gnu-toolchain/bin/../lib/gcc/arm-none-eabi/6.3.1/thumb/v7e-m/crtbegin.o

.ARM.exidx      0x0044eeec        0x8
 *(.ARM.exidx* .gnu.linkonce.armexidx.*)
 .ARM.exidx     0x0044eeec        0x8 c:/program files (x86)/atmel/studio/7.0/toolchain/arm/arm-gnu-toolchain/bin/../lib/gcc/arm-none-eabi/6.3.1/thumb/v7e-m\libgcc.a(_udivmoddi4.o)
                [!provide]                PROVIDE (__exidx_end, .)

.eh_frame       0x0044eef4        0x0
 .eh_frame      0x0044eef4        0x0 c:/program files (x86)/atmel/studio/7.0/toolchain/arm/arm-gnu-toolchain/bin/../lib/gcc/arm-none-eabi/6.3.1/thumb/v7e-m/crtbegin.o

.rel.dyn        0x0044eef4        0x0
 .rel.iplt      0x0044eef4        0x0 c:/program files (x86)/atmel/studio/7.0/toolchain/arm/arm-gnu-toolchain/bin/../lib/gcc/arm-none-eabi/6.3.1/thumb/v7e-m/crtbegin.o

.jcr            0x0044eef4        0x0
 .jcr           0x0044eef4        0x0 c:/program files (x86)/atmel/studio/7.0/toolchain/arm/arm-gnu-toolchain/bin/../lib/gcc/arm-none-eabi/6.3.1/thumb/v7e-m/crtbegin.o

.igot.plt       0x0044eef4        0x0
 .igot.plt      0x0044eef4        0x0 c:/program files (x86)/atmel/studio/7.0/toolchain/arm/arm-gnu-toolchain/bin/../lib/gcc/arm-none-eabi/6.3.1/thumb/v7e-m/crtbegin.o
                0x0044eef4                . = ALIGN (0x4)
                0x0044eef4                _etext = .

.relocate       0x20400000      0xb68 load address 0x0044eef4
                0x20400000                . = ALIGN (0x4)
                0x20400000                _srelocate = .
 *(.ramfunc .ramfunc.*)
 .ramfunc       0x20400000        0xa src/ASF/common/services/delay/sam/cycle_counter.o
                0x20400000                portable_delay_cycles
 *(.data .data.*)
 .data.g_interrupt_enabled
                0x2040000a        0x1 src/ASF/common/utils/interrupt/interrupt_sam_nvic.o
                0x2040000a                g_interrupt_enabled
 *fill*         0x2040000b        0x1 
 .data.SystemCoreClock
                0x2040000c        0x4 src/ASF/sam/utils/cmsis/same70/source/templates/system_same70.o
                0x2040000c                SystemCoreClock
 .data.c_rapido
                0x20400010       0x3c src/main.o
                0x20400010                c_rapido
 .data.c_diario
                0x2040004c       0x3c src/main.o
                0x2040004c                c_diario
 .data.c_pesado
                0x20400088       0x3c src/main.o
                0x20400088                c_pesado
 .data.c_enxague
                0x204000c4       0x3c src/main.o
                0x204000c4                c_enxague
 .data.c_centrifuga
                0x20400100       0x3c src/main.o
                0x20400100                c_centrifuga
 .data.c_demo   0x2040013c       0x3c src/main.o
                0x2040013c                c_demo
 .data.year     0x20400178        0x4 src/main.o
                0x20400178                year
 .data.month    0x2040017c        0x4 src/main.o
                0x2040017c                month
 .data.day      0x20400180        0x4 src/main.o
                0x20400180                day
 .data.week     0x20400184        0x4 src/main.o
                0x20400184                week
 .data.hour     0x20400188        0x4 src/main.o
                0x20400188                hour
 .data.minute   0x2040018c        0x4 src/main.o
                0x2040018c                minute
 .data.lock     0x20400190       0x14 src/main.o
                0x20400190                lock
 .data.unlock   0x204001a4       0x14 src/main.o
                0x204001a4                unlock
 .data.flag_menu
                0x204001b8        0x1 src/main.o
                0x204001b8                flag_menu
 .data.lock_concluido
                0x204001b9        0x1 src/main.o
                0x204001b9                lock_concluido
 .data.lock_lavagem
                0x204001ba        0x1 src/main.o
                0x204001ba                lock_lavagem
 .data.lock_alerta
                0x204001bb        0x1 src/main.o
                0x204001bb                lock_alerta
 .data._impure_ptr
                0x204001bc        0x4 c:/program files (x86)/atmel/studio/7.0/toolchain/arm/arm-gnu-toolchain/bin/../lib/gcc/arm-none-eabi/6.3.1/../../../../arm-none-eabi/lib/thumb/v7e-m\libc.a(lib_a-impure.o)
                0x204001bc                _impure_ptr
 .data.impure_data
                0x204001c0      0x428 c:/program files (x86)/atmel/studio/7.0/toolchain/arm/arm-gnu-toolchain/bin/../lib/gcc/arm-none-eabi/6.3.1/../../../../arm-none-eabi/lib/thumb/v7e-m\libc.a(lib_a-impure.o)
 .data.__malloc_av_
                0x204005e8      0x408 c:/program files (x86)/atmel/studio/7.0/toolchain/arm/arm-gnu-toolchain/bin/../lib/gcc/arm-none-eabi/6.3.1/../../../../arm-none-eabi/lib/thumb/v7e-m\libc.a(lib_a-mallocr.o)
                0x204005e8                __malloc_av_
 .data.__malloc_sbrk_base
                0x204009f0        0x4 c:/program files (x86)/atmel/studio/7.0/toolchain/arm/arm-gnu-toolchain/bin/../lib/gcc/arm-none-eabi/6.3.1/../../../../arm-none-eabi/lib/thumb/v7e-m\libc.a(lib_a-mallocr.o)
                0x204009f0                __malloc_sbrk_base
 .data.__malloc_trim_threshold
                0x204009f4        0x4 c:/program files (x86)/atmel/studio/7.0/toolchain/arm/arm-gnu-toolchain/bin/../lib/gcc/arm-none-eabi/6.3.1/../../../../arm-none-eabi/lib/thumb/v7e-m\libc.a(lib_a-mallocr.o)
                0x204009f4                __malloc_trim_threshold
 .data.__atexit_recursive_mutex
                0x204009f8        0x4 c:/program files (x86)/atmel/studio/7.0/toolchain/arm/arm-gnu-toolchain/bin/../lib/gcc/arm-none-eabi/6.3.1/../../../../arm-none-eabi/lib/thumb/v7e-m\libc.a(lib_a-__call_atexit.o)
                0x204009f8                __atexit_recursive_mutex
 .data.__global_locale
                0x204009fc      0x16c c:/program files (x86)/atmel/studio/7.0/toolchain/arm/arm-gnu-toolchain/bin/../lib/gcc/arm-none-eabi/6.3.1/../../../../arm-none-eabi/lib/thumb/v7e-m\libc.a(lib_a-locale.o)
                0x204009fc                __global_locale
                0x20400b68                . = ALIGN (0x4)
                0x20400b68                _erelocate = .

.bss            0x20400b68      0x4e8 load address 0x0044fa5c
                0x20400b68                . = ALIGN (0x4)
                0x20400b68                _sbss = .
                0x20400b68                _szero = .
 *(.bss .bss.*)
 .bss           0x20400b68       0x1c c:/program files (x86)/atmel/studio/7.0/toolchain/arm/arm-gnu-toolchain/bin/../lib/gcc/arm-none-eabi/6.3.1/thumb/v7e-m/crtbegin.o
 .bss.g_ul_pixel_cache
                0x20400b84      0x3c0 src/ASF/sam/components/display/ili9488/ili9488.o
 .bss.gs_interrupt_sources
                0x20400f44       0x70 src/ASF/sam/drivers/pio/pio_handler.o
 .bss.gs_ul_nb_sources
                0x20400fb4        0x4 src/ASF/sam/drivers/pio/pio_handler.o
 .bss.ul_reg_val.9422
                0x20400fb8        0x4 src/ASF/sam/drivers/usart/usart.o
 .bss.heap.6420
                0x20400fbc        0x4 src/ASF/sam/utils/syscalls/gcc/syscalls.o
 .bss.second    0x20400fc0        0x4 src/main.o
                0x20400fc0                second
 .bss.counter   0x20400fc4        0x4 src/main.o
                0x20400fc4                counter
 .bss.flag_lavagem
                0x20400fc8        0x1 src/main.o
                0x20400fc8                flag_lavagem
 .bss.flag_concluido
                0x20400fc9        0x1 src/main.o
                0x20400fc9                flag_concluido
 .bss.flag_stop_alarm
                0x20400fca        0x1 src/main.o
                0x20400fca                flag_stop_alarm
 .bss.lock_menu
                0x20400fcb        0x1 src/main.o
                0x20400fcb                lock_menu
 .bss.porta_aberta
                0x20400fcc        0x1 src/main.o
                0x20400fcc                porta_aberta
 .bss.alerta    0x20400fcd        0x1 src/main.o
                0x20400fcd                alerta
 .bss.senha     0x20400fce        0x1 src/main.o
                0x20400fce                senha
 .bss.pause     0x20400fcf        0x1 src/main.o
                0x20400fcf                pause
 .bss.last_status
                0x20400fd0        0x4 src/main.o
                0x20400fd0                last_status
 .bss.__malloc_current_mallinfo
                0x20400fd4       0x28 c:/program files (x86)/atmel/studio/7.0/toolchain/arm/arm-gnu-toolchain/bin/../lib/gcc/arm-none-eabi/6.3.1/../../../../arm-none-eabi/lib/thumb/v7e-m\libc.a(lib_a-mallocr.o)
                0x20400fd4                __malloc_current_mallinfo
 .bss.__malloc_max_sbrked_mem
                0x20400ffc        0x4 c:/program files (x86)/atmel/studio/7.0/toolchain/arm/arm-gnu-toolchain/bin/../lib/gcc/arm-none-eabi/6.3.1/../../../../arm-none-eabi/lib/thumb/v7e-m\libc.a(lib_a-mallocr.o)
                0x20400ffc                __malloc_max_sbrked_mem
 .bss.__malloc_max_total_mem
                0x20401000        0x4 c:/program files (x86)/atmel/studio/7.0/toolchain/arm/arm-gnu-toolchain/bin/../lib/gcc/arm-none-eabi/6.3.1/../../../../arm-none-eabi/lib/thumb/v7e-m\libc.a(lib_a-mallocr.o)
                0x20401000                __malloc_max_total_mem
 .bss.__malloc_top_pad
                0x20401004        0x4 c:/program files (x86)/atmel/studio/7.0/toolchain/arm/arm-gnu-toolchain/bin/../lib/gcc/arm-none-eabi/6.3.1/../../../../arm-none-eabi/lib/thumb/v7e-m\libc.a(lib_a-mallocr.o)
                0x20401004                __malloc_top_pad
 *(COMMON)
 COMMON         0x20401008        0x4 src/ASF/common/utils/stdio/read.o
                0x20401008                ptr_get
 COMMON         0x2040100c        0x8 src/ASF/common/utils/stdio/write.o
                0x2040100c                ptr_put
                0x20401010                stdio_base
 COMMON         0x20401014       0x14 src/main.o
                0x20401014                g_modo
                0x20401018                g_ili9488_display_opt
 COMMON         0x20401028       0x21 c:/program files (x86)/atmel/studio/7.0/toolchain/arm/arm-gnu-toolchain/bin/../lib/gcc/arm-none-eabi/6.3.1/../../../../arm-none-eabi/lib/thumb/v7e-m\libc.a(lib_a-lock.o)
                0x20401028                __lock___atexit_recursive_mutex
                0x2040102c                __lock___arc4random_mutex
                0x20401030                __lock___env_recursive_mutex
                0x20401034                __lock___sinit_recursive_mutex
                0x20401038                __lock___malloc_recursive_mutex
                0x2040103c                __lock___at_quick_exit_mutex
                0x20401040                __lock___dd_hash_mutex
                0x20401044                __lock___tz_mutex
                0x20401048                __lock___sfp_recursive_mutex
 *fill*         0x20401049        0x3 
 COMMON         0x2040104c        0x4 c:/program files (x86)/atmel/studio/7.0/toolchain/arm/arm-gnu-toolchain/bin/../lib/gcc/arm-none-eabi/6.3.1/../../../../arm-none-eabi/lib/thumb/v7e-m\libc.a(lib_a-reent.o)
                0x2040104c                errno
                0x20401050                . = ALIGN (0x4)
                0x20401050                _ebss = .
                0x20401050                _ezero = .

.stack          0x20401050     0x2000 load address 0x0044ff44
                0x20401050                . = ALIGN (0x8)
                0x20401050                _sstack = .
                0x20403050                . = (. + STACK_SIZE)
 *fill*         0x20401050     0x2000 
                0x20403050                . = ALIGN (0x8)
                0x20403050                _estack = .

.heap           0x20403050      0x200 load address 0x00451f44